Archive member included to satisfy reference by file (symbol)

c:/st/stm32cubeide_1.7.0/stm32cubeide/plugins/com.st.stm32cube.ide.mcu.externaltools.gnu-tools-for-stm32.9-2020-q2-update.win32_2.0.0.202105311346/tools/bin/../lib/gcc/arm-none-eabi/9.3.1/../../../../arm-none-eabi/lib/thumb/v7-m/nofp\libc_nano.a(lib_a-errno.o)
                              ./Core/Src/syscalls.o (__errno)
c:/st/stm32cubeide_1.7.0/stm32cubeide/plugins/com.st.stm32cube.ide.mcu.externaltools.gnu-tools-for-stm32.9-2020-q2-update.win32_2.0.0.202105311346/tools/bin/../lib/gcc/arm-none-eabi/9.3.1/../../../../arm-none-eabi/lib/thumb/v7-m/nofp\libc_nano.a(lib_a-exit.o)
                              c:/st/stm32cubeide_1.7.0/stm32cubeide/plugins/com.st.stm32cube.ide.mcu.externaltools.gnu-tools-for-stm32.9-2020-q2-update.win32_2.0.0.202105311346/tools/bin/../lib/gcc/arm-none-eabi/9.3.1/../../../../arm-none-eabi/lib/thumb/v7-m/nofp/crt0.o (exit)
c:/st/stm32cubeide_1.7.0/stm32cubeide/plugins/com.st.stm32cube.ide.mcu.externaltools.gnu-tools-for-stm32.9-2020-q2-update.win32_2.0.0.202105311346/tools/bin/../lib/gcc/arm-none-eabi/9.3.1/../../../../arm-none-eabi/lib/thumb/v7-m/nofp\libc_nano.a(lib_a-impure.o)
                              c:/st/stm32cubeide_1.7.0/stm32cubeide/plugins/com.st.stm32cube.ide.mcu.externaltools.gnu-tools-for-stm32.9-2020-q2-update.win32_2.0.0.202105311346/tools/bin/../lib/gcc/arm-none-eabi/9.3.1/../../../../arm-none-eabi/lib/thumb/v7-m/nofp\libc_nano.a(lib_a-exit.o) (_global_impure_ptr)
c:/st/stm32cubeide_1.7.0/stm32cubeide/plugins/com.st.stm32cube.ide.mcu.externaltools.gnu-tools-for-stm32.9-2020-q2-update.win32_2.0.0.202105311346/tools/bin/../lib/gcc/arm-none-eabi/9.3.1/../../../../arm-none-eabi/lib/thumb/v7-m/nofp\libc_nano.a(lib_a-init.o)
                              c:/st/stm32cubeide_1.7.0/stm32cubeide/plugins/com.st.stm32cube.ide.mcu.externaltools.gnu-tools-for-stm32.9-2020-q2-update.win32_2.0.0.202105311346/tools/bin/../lib/gcc/arm-none-eabi/9.3.1/../../../../arm-none-eabi/lib/thumb/v7-m/nofp/crt0.o (__libc_init_array)
c:/st/stm32cubeide_1.7.0/stm32cubeide/plugins/com.st.stm32cube.ide.mcu.externaltools.gnu-tools-for-stm32.9-2020-q2-update.win32_2.0.0.202105311346/tools/bin/../lib/gcc/arm-none-eabi/9.3.1/../../../../arm-none-eabi/lib/thumb/v7-m/nofp\libc_nano.a(lib_a-memset.o)
                              c:/st/stm32cubeide_1.7.0/stm32cubeide/plugins/com.st.stm32cube.ide.mcu.externaltools.gnu-tools-for-stm32.9-2020-q2-update.win32_2.0.0.202105311346/tools/bin/../lib/gcc/arm-none-eabi/9.3.1/../../../../arm-none-eabi/lib/thumb/v7-m/nofp/crt0.o (memset)

Allocating common symbols
Common symbol       size              file

uwTick              0x4               ./Drivers/STM32F1xx_HAL_Driver/Src/stm32f1xx_hal.o
pFlash              0x20              ./Drivers/STM32F1xx_HAL_Driver/Src/stm32f1xx_hal_flash.o
htim2               0x48              ./Core/Src/main.o

Discarded input sections

 .text          0x0000000000000000        0x0 c:/st/stm32cubeide_1.7.0/stm32cubeide/plugins/com.st.stm32cube.ide.mcu.externaltools.gnu-tools-for-stm32.9-2020-q2-update.win32_2.0.0.202105311346/tools/bin/../lib/gcc/arm-none-eabi/9.3.1/thumb/v7-m/nofp/crti.o
 .data          0x0000000000000000        0x0 c:/st/stm32cubeide_1.7.0/stm32cubeide/plugins/com.st.stm32cube.ide.mcu.externaltools.gnu-tools-for-stm32.9-2020-q2-update.win32_2.0.0.202105311346/tools/bin/../lib/gcc/arm-none-eabi/9.3.1/thumb/v7-m/nofp/crti.o
 .bss           0x0000000000000000        0x0 c:/st/stm32cubeide_1.7.0/stm32cubeide/plugins/com.st.stm32cube.ide.mcu.externaltools.gnu-tools-for-stm32.9-2020-q2-update.win32_2.0.0.202105311346/tools/bin/../lib/gcc/arm-none-eabi/9.3.1/thumb/v7-m/nofp/crti.o
 .data          0x0000000000000000        0x4 c:/st/stm32cubeide_1.7.0/stm32cubeide/plugins/com.st.stm32cube.ide.mcu.externaltools.gnu-tools-for-stm32.9-2020-q2-update.win32_2.0.0.202105311346/tools/bin/../lib/gcc/arm-none-eabi/9.3.1/thumb/v7-m/nofp/crtbegin.o
 .text          0x0000000000000000       0x7c c:/st/stm32cubeide_1.7.0/stm32cubeide/plugins/com.st.stm32cube.ide.mcu.externaltools.gnu-tools-for-stm32.9-2020-q2-update.win32_2.0.0.202105311346/tools/bin/../lib/gcc/arm-none-eabi/9.3.1/../../../../arm-none-eabi/lib/thumb/v7-m/nofp/crt0.o
 .data          0x0000000000000000        0x0 c:/st/stm32cubeide_1.7.0/stm32cubeide/plugins/com.st.stm32cube.ide.mcu.externaltools.gnu-tools-for-stm32.9-2020-q2-update.win32_2.0.0.202105311346/tools/bin/../lib/gcc/arm-none-eabi/9.3.1/../../../../arm-none-eabi/lib/thumb/v7-m/nofp/crt0.o
 .bss           0x0000000000000000        0x0 c:/st/stm32cubeide_1.7.0/stm32cubeide/plugins/com.st.stm32cube.ide.mcu.externaltools.gnu-tools-for-stm32.9-2020-q2-update.win32_2.0.0.202105311346/tools/bin/../lib/gcc/arm-none-eabi/9.3.1/../../../../arm-none-eabi/lib/thumb/v7-m/nofp/crt0.o
[...]
Memory Configuration

Name             Origin             Length             Attributes
RAM              0x0000000020000000 0x0000000000002800 xrw
FLASH            0x0000000008000000 0x0000000000008000 xr
*default*        0x0000000000000000 0xffffffffffffffff

Linker script and memory map

LOAD c:/st/stm32cubeide_1.7.0/stm32cubeide/plugins/com.st.stm32cube.ide.mcu.externaltools.gnu-tools-for-stm32.9-2020-q2-update.win32_2.0.0.202105311346/tools/bin/../lib/gcc/arm-none-eabi/9.3.1/thumb/v7-m/nofp/crti.o
LOAD c:/st/stm32cubeide_1.7.0/stm32cubeide/plugins/com.st.stm32cube.ide.mcu.externaltools.gnu-tools-for-stm32.9-2020-q2-update.win32_2.0.0.202105311346/tools/bin/../lib/gcc/arm-none-eabi/9.3.1/thumb/v7-m/nofp/crtbegin.o
LOAD c:/st/stm32cubeide_1.7.0/stm32cubeide/plugins/com.st.stm32cube.ide.mcu.externaltools.gnu-tools-for-stm32.9-2020-q2-update.win32_2.0.0.202105311346/tools/bin/../lib/gcc/arm-none-eabi/9.3.1/../../../../arm-none-eabi/lib/thumb/v7-m/nofp/crt0.o
LOAD ./Core/Src/main.o
LOAD ./Core/Src/software_timer.o
LOAD ./Core/Src/stm32f1xx_hal_msp.o
LOAD ./Core/Src/stm32f1xx_it.o
LOAD ./Core/Src/syscalls.o
LOAD ./Core/Src/sysmem.o
LOAD ./Core/Src/system_stm32f1xx.o
LOAD ./Core/Startup/startup_stm32f103c6ux.o
LOAD ./Drivers/STM32F1xx_HAL_Driver/Src/stm32f1xx_hal.o
LOAD ./Drivers/STM32F1xx_HAL_Driver/Src/stm32f1xx_hal_cortex.o
LOAD ./Drivers/STM32F1xx_HAL_Driver/Src/stm32f1xx_hal_dma.o
LOAD ./Drivers/STM32F1xx_HAL_Driver/Src/stm32f1xx_hal_exti.o
LOAD ./Drivers/STM32F1xx_HAL_Driver/Src/stm32f1xx_hal_flash.o
LOAD ./Drivers/STM32F1xx_HAL_Driver/Src/stm32f1xx_hal_flash_ex.o
LOAD ./Drivers/STM32F1xx_HAL_Driver/Src/stm32f1xx_hal_gpio.o
LOAD ./Drivers/STM32F1xx_HAL_Driver/Src/stm32f1xx_hal_gpio_ex.o
LOAD ./Drivers/STM32F1xx_HAL_Driver/Src/stm32f1xx_hal_pwr.o
LOAD ./Drivers/STM32F1xx_HAL_Driver/Src/stm32f1xx_hal_rcc.o
LOAD ./Drivers/STM32F1xx_HAL_Driver/Src/stm32f1xx_hal_rcc_ex.o
LOAD ./Drivers/STM32F1xx_HAL_Driver/Src/stm32f1xx_hal_tim.o
LOAD ./Drivers/STM32F1xx_HAL_Driver/Src/stm32f1xx_hal_tim_ex.o
START GROUP
LOAD c:/st/stm32cubeide_1.7.0/stm32cubeide/plugins/com.st.stm32cube.ide.mcu.externaltools.gnu-tools-for-stm32.9-2020-q2-update.win32_2.0.0.202105311346/tools/bin/../lib/gcc/arm-none-eabi/9.3.1/../../../../arm-none-eabi/lib/thumb/v7-m/nofp\libc_nano.a
LOAD c:/st/stm32cubeide_1.7.0/stm32cubeide/plugins/com.st.stm32cube.ide.mcu.externaltools.gnu-tools-for-stm32.9-2020-q2-update.win32_2.0.0.202105311346/tools/bin/../lib/gcc/arm-none-eabi/9.3.1/../../../../arm-none-eabi/lib/thumb/v7-m/nofp\libm.a
END GROUP
START GROUP
LOAD c:/st/stm32cubeide_1.7.0/stm32cubeide/plugins/com.st.stm32cube.ide.mcu.externaltools.gnu-tools-for-stm32.9-2020-q2-update.win32_2.0.0.202105311346/tools/bin/../lib/gcc/arm-none-eabi/9.3.1/thumb/v7-m/nofp\libgcc.a
LOAD c:/st/stm32cubeide_1.7.0/stm32cubeide/plugins/com.st.stm32cube.ide.mcu.externaltools.gnu-tools-for-stm32.9-2020-q2-update.win32_2.0.0.202105311346/tools/bin/../lib/gcc/arm-none-eabi/9.3.1/../../../../arm-none-eabi/lib/thumb/v7-m/nofp\libc_nano.a
END GROUP
START GROUP
LOAD c:/st/stm32cubeide_1.7.0/stm32cubeide/plugins/com.st.stm32cube.ide.mcu.externaltools.gnu-tools-for-stm32.9-2020-q2-update.win32_2.0.0.202105311346/tools/bin/../lib/gcc/arm-none-eabi/9.3.1/thumb/v7-m/nofp\libgcc.a
LOAD c:/st/stm32cubeide_1.7.0/stm32cubeide/plugins/com.st.stm32cube.ide.mcu.externaltools.gnu-tools-for-stm32.9-2020-q2-update.win32_2.0.0.202105311346/tools/bin/../lib/gcc/arm-none-eabi/9.3.1/../../../../arm-none-eabi/lib/thumb/v7-m/nofp\libc_nano.a
LOAD c:/st/stm32cubeide_1.7.0/stm32cubeide/plugins/com.st.stm32cube.ide.mcu.externaltools.gnu-tools-for-stm32.9-2020-q2-update.win32_2.0.0.202105311346/tools/bin/../lib/gcc/arm-none-eabi/9.3.1/../../../../arm-none-eabi/lib/thumb/v7-m/nofp\libnosys.a
END GROUP
START GROUP
LOAD c:/st/stm32cubeide_1.7.0/stm32cubeide/plugins/com.st.stm32cube.ide.mcu.externaltools.gnu-tools-for-stm32.9-2020-q2-update.win32_2.0.0.202105311346/tools/bin/../lib/gcc/arm-none-eabi/9.3.1/thumb/v7-m/nofp\libgcc.a
LOAD c:/st/stm32cubeide_1.7.0/stm32cubeide/plugins/com.st.stm32cube.ide.mcu.externaltools.gnu-tools-for-stm32.9-2020-q2-update.win32_2.0.0.202105311346/tools/bin/../lib/gcc/arm-none-eabi/9.3.1/../../../../arm-none-eabi/lib/thumb/v7-m/nofp\libc_nano.a
LOAD c:/st/stm32cubeide_1.7.0/stm32cubeide/plugins/com.st.stm32cube.ide.mcu.externaltools.gnu-tools-for-stm32.9-2020-q2-update.win32_2.0.0.202105311346/tools/bin/../lib/gcc/arm-none-eabi/9.3.1/../../../../arm-none-eabi/lib/thumb/v7-m/nofp\libnosys.a
END GROUP
LOAD c:/st/stm32cubeide_1.7.0/stm32cubeide/plugins/com.st.stm32cube.ide.mcu.externaltools.gnu-tools-for-stm32.9-2020-q2-update.win32_2.0.0.202105311346/tools/bin/../lib/gcc/arm-none-eabi/9.3.1/thumb/v7-m/nofp/crtend.o
LOAD c:/st/stm32cubeide_1.7.0/stm32cubeide/plugins/com.st.stm32cube.ide.mcu.externaltools.gnu-tools-for-stm32.9-2020-q2-update.win32_2.0.0.202105311346/tools/bin/../lib/gcc/arm-none-eabi/9.3.1/thumb/v7-m/nofp/crtn.o
                0x0000000020002800                _estack = (ORIGIN (RAM) + LENGTH (RAM))
                0x0000000000000200                _Min_Heap_Size = 0x200
                0x0000000000000400                _Min_Stack_Size = 0x400

.isr_vector     0x0000000008000000      0x10c
                0x0000000008000000                . = ALIGN (0x4)
 *(.isr_vector)
 .isr_vector    0x0000000008000000      0x10c ./Core/Startup/startup_stm32f103c6ux.o
                0x0000000008000000                g_pfnVectors
                0x000000000800010c                . = ALIGN (0x4)

.text           0x000000000800010c     0x23f8
                0x000000000800010c                . = ALIGN (0x4)
 *(.text)
 .text          0x000000000800010c       0x40 c:/st/stm32cubeide_1.7.0/stm32cubeide/plugins/com.st.stm32cube.ide.mcu.externaltools.gnu-tools-for-stm32.9-2020-q2-update.win32_2.0.0.202105311346/tools/bin/../lib/gcc/arm-none-eabi/9.3.1/thumb/v7-m/nofp/crtbegin.o
 *(.text*)
 .text.display7SEG
                0x000000000800014c      0x12c ./Core/Src/main.o
                0x000000000800014c                display7SEG
 .text.update7SEG
                0x0000000008000278      0x12c ./Core/Src/main.o
                0x0000000008000278                update7SEG
 .text.updateClockBuffer
                0x00000000080003a4       0x80 ./Core/Src/main.o
                0x00000000080003a4                updateClockBuffer
 .text.displayRow
                0x0000000008000424      0x130 ./Core/Src/main.o
                0x0000000008000424                displayRow
 .text.displayCol
                0x0000000008000554      0x12c ./Core/Src/main.o
                0x0000000008000554                displayCol
 .text.updateLedMatrix
                0x0000000008000680       0x22 ./Core/Src/main.o
                0x0000000008000680                updateLedMatrix
 *fill*         0x00000000080006a2        0x2 
 .text.main     0x00000000080006a4      0x2b0 ./Core/Src/main.o
                0x00000000080006a4                main
 .text.SystemClock_Config
                0x0000000008000954       0x76 ./Core/Src/main.o
                0x0000000008000954                SystemClock_Config
 *fill*         0x00000000080009ca        0x2 
 .text.MX_TIM2_Init
                0x00000000080009cc       0x98 ./Core/Src/main.o
 .text.MX_GPIO_Init
                0x0000000008000a64       0xac ./Core/Src/main.o
 .text.HAL_TIM_PeriodElapsedCallback
                0x0000000008000b10       0x14 ./Core/Src/main.o
                0x0000000008000b10                HAL_TIM_PeriodElapsedCallback
 .text.Error_Handler
                0x0000000008000b24        0xa ./Core/Src/main.o
                0x0000000008000b24                Error_Handler
 *fill*         0x0000000008000b2e        0x2 
 .text.setTimer1
                0x0000000008000b30       0x28 ./Core/Src/software_timer.o
                0x0000000008000b30                setTimer1
 .text.setTimer2
                0x0000000008000b58       0x28 ./Core/Src/software_timer.o
                0x0000000008000b58                setTimer2
 .text.setTimer3
                0x0000000008000b80       0x28 ./Core/Src/software_timer.o
                0x0000000008000b80                setTimer3
 .text.setTimer4
                0x0000000008000ba8       0x28 ./Core/Src/software_timer.o
                0x0000000008000ba8                setTimer4
 .text.setTimer5
                0x0000000008000bd0       0x28 ./Core/Src/software_timer.o
                0x0000000008000bd0                setTimer5
 .text.setTimer6
                0x0000000008000bf8       0x28 ./Core/Src/software_timer.o
                0x0000000008000bf8                setTimer6
 .text.setTimer7
                0x0000000008000c20       0x28 ./Core/Src/software_timer.o
                0x0000000008000c20                setTimer7
 .text.timerRun
                0x0000000008000c48      0x124 ./Core/Src/software_timer.o
                0x0000000008000c48                timerRun
 .text.HAL_MspInit
                0x0000000008000d6c       0x64 ./Core/Src/stm32f1xx_hal_msp.o
                0x0000000008000d6c                HAL_MspInit
 .text.HAL_TIM_Base_MspInit
                0x0000000008000dd0       0x48 ./Core/Src/stm32f1xx_hal_msp.o
                0x0000000008000dd0                HAL_TIM_Base_MspInit
 .text.NMI_Handler
                0x0000000008000e18        0x6 ./Core/Src/stm32f1xx_it.o
                0x0000000008000e18                NMI_Handler
 .text.HardFault_Handler
                0x0000000008000e1e        0x6 ./Core/Src/stm32f1xx_it.o
                0x0000000008000e1e                HardFault_Handler
 .text.MemManage_Handler
                0x0000000008000e24        0x6 ./Core/Src/stm32f1xx_it.o
                0x0000000008000e24                MemManage_Handler
 .text.BusFault_Handler
                0x0000000008000e2a        0x6 ./Core/Src/stm32f1xx_it.o
                0x0000000008000e2a                BusFault_Handler
 .text.UsageFault_Handler
                0x0000000008000e30        0x6 ./Core/Src/stm32f1xx_it.o
                0x0000000008000e30                UsageFault_Handler
 .text.SVC_Handler
                0x0000000008000e36        0xc ./Core/Src/stm32f1xx_it.o
                0x0000000008000e36                SVC_Handler
 .text.DebugMon_Handler
                0x0000000008000e42        0xc ./Core/Src/stm32f1xx_it.o
                0x0000000008000e42                DebugMon_Handler
 .text.PendSV_Handler
                0x0000000008000e4e        0xc ./Core/Src/stm32f1xx_it.o
                0x0000000008000e4e                PendSV_Handler
 .text.SysTick_Handler
                0x0000000008000e5a        0xc ./Core/Src/stm32f1xx_it.o
                0x0000000008000e5a                SysTick_Handler
 *fill*         0x0000000008000e66        0x2 
 .text.TIM2_IRQHandler
                0x0000000008000e68       0x14 ./Core/Src/stm32f1xx_it.o
                0x0000000008000e68                TIM2_IRQHandler
 .text.SystemInit
                0x0000000008000e7c        0xc ./Core/Src/system_stm32f1xx.o
                0x0000000008000e7c                SystemInit
 .text.Reset_Handler
                0x0000000008000e88       0x48 ./Core/Startup/startup_stm32f103c6ux.o
                0x0000000008000e88                Reset_Handler
 .text.Default_Handler
                0x0000000008000ed0        0x2 ./Core/Startup/startup_stm32f103c6ux.o
                0x0000000008000ed0                RTC_Alarm_IRQHandler
                0x0000000008000ed0                EXTI2_IRQHandler
                0x0000000008000ed0                TIM1_CC_IRQHandler
                0x0000000008000ed0                PVD_IRQHandler
                0x0000000008000ed0                EXTI3_IRQHandler
                0x0000000008000ed0                EXTI0_IRQHandler
                0x0000000008000ed0                ADC1_2_IRQHandler
                0x0000000008000ed0                SPI1_IRQHandler
                0x0000000008000ed0                TAMPER_IRQHandler
                0x0000000008000ed0                DMA1_Channel4_IRQHandler
                0x0000000008000ed0                RTC_IRQHandler
                0x0000000008000ed0                DMA1_Channel7_IRQHandler
                0x0000000008000ed0                CAN1_RX1_IRQHandler
                0x0000000008000ed0                I2C1_EV_IRQHandler
                0x0000000008000ed0                DMA1_Channel6_IRQHandler
                0x0000000008000ed0                TIM3_IRQHandler
                0x0000000008000ed0                RCC_IRQHandler
                0x0000000008000ed0                TIM1_TRG_COM_IRQHandler
                0x0000000008000ed0                DMA1_Channel1_IRQHandler
                0x0000000008000ed0                Default_Handler
                0x0000000008000ed0                EXTI15_10_IRQHandler
                0x0000000008000ed0                EXTI9_5_IRQHandler
                0x0000000008000ed0                DMA1_Channel5_IRQHandler
                0x0000000008000ed0                EXTI4_IRQHandler
                0x0000000008000ed0                USB_LP_CAN1_RX0_IRQHandler
                0x0000000008000ed0                USB_HP_CAN1_TX_IRQHandler
                0x0000000008000ed0                DMA1_Channel3_IRQHandler
                0x0000000008000ed0                TIM1_UP_IRQHandler
                0x0000000008000ed0                WWDG_IRQHandler
                0x0000000008000ed0                TIM1_BRK_IRQHandler
                0x0000000008000ed0                EXTI1_IRQHandler
                0x0000000008000ed0                USART2_IRQHandler
                0x0000000008000ed0                DMA1_Channel2_IRQHandler
                0x0000000008000ed0                CAN1_SCE_IRQHandler
                0x0000000008000ed0                FLASH_IRQHandler
                0x0000000008000ed0                USART1_IRQHandler
                0x0000000008000ed0                I2C1_ER_IRQHandler
                0x0000000008000ed0                USBWakeUp_IRQHandler
 *fill*         0x0000000008000ed2        0x2 
 .text.HAL_Init
                0x0000000008000ed4       0x2c ./Drivers/STM32F1xx_HAL_Driver/Src/stm32f1xx_hal.o
                0x0000000008000ed4                HAL_Init
 .text.HAL_InitTick
                0x0000000008000f00       0x60 ./Drivers/STM32F1xx_HAL_Driver/Src/stm32f1xx_hal.o
                0x0000000008000f00                HAL_InitTick
 .text.HAL_IncTick
                0x0000000008000f60       0x24 ./Drivers/STM32F1xx_HAL_Driver/Src/stm32f1xx_hal.o
                0x0000000008000f60                HAL_IncTick
 .text.HAL_GetTick
                0x0000000008000f84       0x14 ./Drivers/STM32F1xx_HAL_Driver/Src/stm32f1xx_hal.o
                0x0000000008000f84                HAL_GetTick
 .text.__NVIC_SetPriorityGrouping
                0x0000000008000f98       0x48 ./Drivers/STM32F1xx_HAL_Driver/Src/stm32f1xx_hal_cortex.o
 .text.__NVIC_GetPriorityGrouping
                0x0000000008000fe0       0x1c ./Drivers/STM32F1xx_HAL_Driver/Src/stm32f1xx_hal_cortex.o
 .text.__NVIC_EnableIRQ
                0x0000000008000ffc       0x38 ./Drivers/STM32F1xx_HAL_Driver/Src/stm32f1xx_hal_cortex.o
 .text.__NVIC_SetPriority
                0x0000000008001034       0x54 ./Drivers/STM32F1xx_HAL_Driver/Src/stm32f1xx_hal_cortex.o
 .text.NVIC_EncodePriority
                0x0000000008001088       0x64 ./Drivers/STM32F1xx_HAL_Driver/Src/stm32f1xx_hal_cortex.o
 .text.SysTick_Config
                0x00000000080010ec       0x44 ./Drivers/STM32F1xx_HAL_Driver/Src/stm32f1xx_hal_cortex.o
 .text.HAL_NVIC_SetPriorityGrouping
                0x0000000008001130       0x16 ./Drivers/STM32F1xx_HAL_Driver/Src/stm32f1xx_hal_cortex.o
                0x0000000008001130                HAL_NVIC_SetPriorityGrouping
 .text.HAL_NVIC_SetPriority
                0x0000000008001146       0x38 ./Drivers/STM32F1xx_HAL_Driver/Src/stm32f1xx_hal_cortex.o
                0x0000000008001146                HAL_NVIC_SetPriority
 .text.HAL_NVIC_EnableIRQ
                0x000000000800117e       0x1c ./Drivers/STM32F1xx_HAL_Driver/Src/stm32f1xx_hal_cortex.o
                0x000000000800117e                HAL_NVIC_EnableIRQ
 .text.HAL_SYSTICK_Config
                0x000000000800119a       0x18 ./Drivers/STM32F1xx_HAL_Driver/Src/stm32f1xx_hal_cortex.o
                0x000000000800119a                HAL_SYSTICK_Config
 *fill*         0x00000000080011b2        0x2 
 .text.HAL_GPIO_Init
                0x00000000080011b4      0x2f4 ./Drivers/STM32F1xx_HAL_Driver/Src/stm32f1xx_hal_gpio.o
                0x00000000080011b4                HAL_GPIO_Init
 .text.HAL_GPIO_WritePin
                0x00000000080014a8       0x30 ./Drivers/STM32F1xx_HAL_Driver/Src/stm32f1xx_hal_gpio.o
                0x00000000080014a8                HAL_GPIO_WritePin
 .text.HAL_GPIO_TogglePin
                0x00000000080014d8       0x32 ./Drivers/STM32F1xx_HAL_Driver/Src/stm32f1xx_hal_gpio.o
                0x00000000080014d8                HAL_GPIO_TogglePin
 *fill*         0x000000000800150a        0x2 
 .text.HAL_RCC_OscConfig
                0x000000000800150c      0x500 ./Drivers/STM32F1xx_HAL_Driver/Src/stm32f1xx_hal_rcc.o
                0x000000000800150c                HAL_RCC_OscConfig
 .text.HAL_RCC_ClockConfig
                0x0000000008001a0c      0x1d4 ./Drivers/STM32F1xx_HAL_Driver/Src/stm32f1xx_hal_rcc.o
                0x0000000008001a0c                HAL_RCC_ClockConfig
 .text.HAL_RCC_GetSysClockFreq
                0x0000000008001be0       0xa8 ./Drivers/STM32F1xx_HAL_Driver/Src/stm32f1xx_hal_rcc.o
                0x0000000008001be0                HAL_RCC_GetSysClockFreq
 .text.RCC_Delay
                0x0000000008001c88       0x3c ./Drivers/STM32F1xx_HAL_Driver/Src/stm32f1xx_hal_rcc.o
 .text.HAL_TIM_Base_Init
                0x0000000008001cc4       0x9e ./Drivers/STM32F1xx_HAL_Driver/Src/stm32f1xx_hal_tim.o
                0x0000000008001cc4                HAL_TIM_Base_Init
 *fill*         0x0000000008001d62        0x2 
 .text.HAL_TIM_Base_Start_IT
                0x0000000008001d64       0x98 ./Drivers/STM32F1xx_HAL_Driver/Src/stm32f1xx_hal_tim.o
                0x0000000008001d64                HAL_TIM_Base_Start_IT
 .text.HAL_TIM_IRQHandler
                0x0000000008001dfc      0x210 ./Drivers/STM32F1xx_HAL_Driver/Src/stm32f1xx_hal_tim.o
                0x0000000008001dfc                HAL_TIM_IRQHandler
 .text.HAL_TIM_ConfigClockSource
                0x000000000800200c      0x18e ./Drivers/STM32F1xx_HAL_Driver/Src/stm32f1xx_hal_tim.o
                0x000000000800200c                HAL_TIM_ConfigClockSource
 .text.HAL_TIM_OC_DelayElapsedCallback
                0x000000000800219a       0x12 ./Drivers/STM32F1xx_HAL_Driver/Src/stm32f1xx_hal_tim.o
                0x000000000800219a                HAL_TIM_OC_DelayElapsedCallback
 .text.HAL_TIM_IC_CaptureCallback
                0x00000000080021ac       0x12 ./Drivers/STM32F1xx_HAL_Driver/Src/stm32f1xx_hal_tim.o
                0x00000000080021ac                HAL_TIM_IC_CaptureCallback
 .text.HAL_TIM_PWM_PulseFinishedCallback
                0x00000000080021be       0x12 ./Drivers/STM32F1xx_HAL_Driver/Src/stm32f1xx_hal_tim.o
                0x00000000080021be                HAL_TIM_PWM_PulseFinishedCallback
 .text.HAL_TIM_TriggerCallback
                0x00000000080021d0       0x12 ./Drivers/STM32F1xx_HAL_Driver/Src/stm32f1xx_hal_tim.o
                0x00000000080021d0                HAL_TIM_TriggerCallback
 *fill*         0x00000000080021e2        0x2 
 .text.TIM_Base_SetConfig
                0x00000000080021e4       0xb0 ./Drivers/STM32F1xx_HAL_Driver/Src/stm32f1xx_hal_tim.o
                0x00000000080021e4                TIM_Base_SetConfig
 .text.TIM_TI1_ConfigInputStage
                0x0000000008002294       0x5c ./Drivers/STM32F1xx_HAL_Driver/Src/stm32f1xx_hal_tim.o
 .text.TIM_TI2_ConfigInputStage
                0x00000000080022f0       0x5e ./Drivers/STM32F1xx_HAL_Driver/Src/stm32f1xx_hal_tim.o
 .text.TIM_ITRx_SetConfig
                0x000000000800234e       0x34 ./Drivers/STM32F1xx_HAL_Driver/Src/stm32f1xx_hal_tim.o
 .text.TIM_ETR_SetConfig
                0x0000000008002382       0x3e ./Drivers/STM32F1xx_HAL_Driver/Src/stm32f1xx_hal_tim.o
                0x0000000008002382                TIM_ETR_SetConfig
 .text.HAL_TIMEx_MasterConfigSynchronization
                0x00000000080023c0       0xb0 ./Drivers/STM32F1xx_HAL_Driver/Src/stm32f1xx_hal_tim_ex.o
                0x00000000080023c0                HAL_TIMEx_MasterConfigSynchronization
 .text.HAL_TIMEx_CommutCallback
                0x0000000008002470       0x12 ./Drivers/STM32F1xx_HAL_Driver/Src/stm32f1xx_hal_tim_ex.o
                0x0000000008002470                HAL_TIMEx_CommutCallback
 .text.HAL_TIMEx_BreakCallback
                0x0000000008002482       0x12 ./Drivers/STM32F1xx_HAL_Driver/Src/stm32f1xx_hal_tim_ex.o
                0x0000000008002482                HAL_TIMEx_BreakCallback
 .text.__libc_init_array
                0x0000000008002494       0x48 c:/st/stm32cubeide_1.7.0/stm32cubeide/plugins/com.st.stm32cube.ide.mcu.externaltools.gnu-tools-for-stm32.9-2020-q2-update.win32_2.0.0.202105311346/tools/bin/../lib/gcc/arm-none-eabi/9.3.1/../../../../arm-none-eabi/lib/thumb/v7-m/nofp\libc_nano.a(lib_a-init.o)
                0x0000000008002494                __libc_init_array
 .text.memset   0x00000000080024dc       0x10 c:/st/stm32cubeide_1.7.0/stm32cubeide/plugins/com.st.stm32cube.ide.mcu.externaltools.gnu-tools-for-stm32.9-2020-q2-update.win32_2.0.0.202105311346/tools/bin/../lib/gcc/arm-none-eabi/9.3.1/../../../../arm-none-eabi/lib/thumb/v7-m/nofp\libc_nano.a(lib_a-memset.o)
                0x00000000080024dc                memset
 *(.glue_7)
 .glue_7        0x00000000080024ec        0x0 linker stubs
 *(.glue_7t)
 .glue_7t       0x00000000080024ec        0x0 linker stubs
 *(.eh_frame)
 .eh_frame      0x00000000080024ec        0x0 c:/st/stm32cubeide_1.7.0/stm32cubeide/plugins/com.st.stm32cube.ide.mcu.externaltools.gnu-tools-for-stm32.9-2020-q2-update.win32_2.0.0.202105311346/tools/bin/../lib/gcc/arm-none-eabi/9.3.1/thumb/v7-m/nofp/crtbegin.o
 *(.init)
 .init          0x00000000080024ec        0x4 c:/st/stm32cubeide_1.7.0/stm32cubeide/plugins/com.st.stm32cube.ide.mcu.externaltools.gnu-tools-for-stm32.9-2020-q2-update.win32_2.0.0.202105311346/tools/bin/../lib/gcc/arm-none-eabi/9.3.1/thumb/v7-m/nofp/crti.o
                0x00000000080024ec                _init
 .init          0x00000000080024f0        0x8 c:/st/stm32cubeide_1.7.0/stm32cubeide/plugins/com.st.stm32cube.ide.mcu.externaltools.gnu-tools-for-stm32.9-2020-q2-update.win32_2.0.0.202105311346/tools/bin/../lib/gcc/arm-none-eabi/9.3.1/thumb/v7-m/nofp/crtn.o
 *(.fini)
 .fini          0x00000000080024f8        0x4 c:/st/stm32cubeide_1.7.0/stm32cubeide/plugins/com.st.stm32cube.ide.mcu.externaltools.gnu-tools-for-stm32.9-2020-q2-update.win32_2.0.0.202105311346/tools/bin/../lib/gcc/arm-none-eabi/9.3.1/thumb/v7-m/nofp/crti.o
                0x00000000080024f8                _fini
 .fini          0x00000000080024fc        0x8 c:/st/stm32cubeide_1.7.0/stm32cubeide/plugins/com.st.stm32cube.ide.mcu.externaltools.gnu-tools-for-stm32.9-2020-q2-update.win32_2.0.0.202105311346/tools/bin/../lib/gcc/arm-none-eabi/9.3.1/thumb/v7-m/nofp/crtn.o
                0x0000000008002504                . = ALIGN (0x4)
                0x0000000008002504                _etext = .

.vfp11_veneer   0x0000000008002504        0x0
 .vfp11_veneer  0x0000000008002504        0x0 linker stubs

.v4_bx          0x0000000008002504        0x0
 .v4_bx         0x0000000008002504        0x0 linker stubs

.iplt           0x0000000008002504        0x0
 .iplt          0x0000000008002504        0x0 c:/st/stm32cubeide_1.7.0/stm32cubeide/plugins/com.st.stm32cube.ide.mcu.externaltools.gnu-tools-for-stm32.9-2020-q2-update.win32_2.0.0.202105311346/tools/bin/../lib/gcc/arm-none-eabi/9.3.1/thumb/v7-m/nofp/crtbegin.o

.rodata         0x0000000008002504       0x30
                0x0000000008002504                . = ALIGN (0x4)
 *(.rodata)
 .rodata        0x0000000008002504        0xa ./Core/Src/main.o
 *(.rodata*)
 *fill*         0x000000000800250e        0x2 
 .rodata.AHBPrescTable
                0x0000000008002510       0x10 ./Core/Src/system_stm32f1xx.o
                0x0000000008002510                AHBPrescTable
 .rodata.aPLLMULFactorTable.6032
                0x0000000008002520       0x10 ./Drivers/STM32F1xx_HAL_Driver/Src/stm32f1xx_hal_rcc.o
 .rodata.aPredivFactorTable.6033
                0x0000000008002530        0x2 ./Drivers/STM32F1xx_HAL_Driver/Src/stm32f1xx_hal_rcc.o
                0x0000000008002534                . = ALIGN (0x4)
 *fill*         0x0000000008002532        0x2 

.rel.dyn        0x0000000008002534        0x0
 .rel.iplt      0x0000000008002534        0x0 c:/st/stm32cubeide_1.7.0/stm32cubeide/plugins/com.st.stm32cube.ide.mcu.externaltools.gnu-tools-for-stm32.9-2020-q2-update.win32_2.0.0.202105311346/tools/bin/../lib/gcc/arm-none-eabi/9.3.1/thumb/v7-m/nofp/crtbegin.o

.ARM.extab      0x0000000008002534        0x0
                0x0000000008002534                . = ALIGN (0x4)
 *(.ARM.extab* .gnu.linkonce.armextab.*)
                0x0000000008002534                . = ALIGN (0x4)

.ARM            0x0000000008002534        0x0
                0x0000000008002534                . = ALIGN (0x4)
                0x0000000008002534                __exidx_start = .
 *(.ARM.exidx*)
                0x0000000008002534                __exidx_end = .
                0x0000000008002534                . = ALIGN (0x4)

.preinit_array  0x0000000008002534        0x0
                0x0000000008002534                . = ALIGN (0x4)
                0x0000000008002534                PROVIDE (__preinit_array_start = .)
 *(.preinit_array*)
                0x0000000008002534                PROVIDE (__preinit_array_end = .)
                0x0000000008002534                . = ALIGN (0x4)

.init_array     0x0000000008002534        0x4
                0x0000000008002534                . = ALIGN (0x4)
                0x0000000008002534                PROVIDE (__init_array_start = .)
 *(SORT_BY_NAME(.init_array.*))
 *(.init_array*)
 .init_array    0x0000000008002534        0x4 c:/st/stm32cubeide_1.7.0/stm32cubeide/plugins/com.st.stm32cube.ide.mcu.externaltools.gnu-tools-for-stm32.9-2020-q2-update.win32_2.0.0.202105311346/tools/bin/../lib/gcc/arm-none-eabi/9.3.1/thumb/v7-m/nofp/crtbegin.o
                0x0000000008002538                PROVIDE (__init_array_end = .)
                0x0000000008002538                . = ALIGN (0x4)

.fini_array     0x0000000008002538        0x4
                0x0000000008002538                . = ALIGN (0x4)
                [!provide]                        PROVIDE (__fini_array_start = .)
 *(SORT_BY_NAME(.fini_array.*))
 *(.fini_array*)
 .fini_array    0x0000000008002538        0x4 c:/st/stm32cubeide_1.7.0/stm32cubeide/plugins/com.st.stm32cube.ide.mcu.externaltools.gnu-tools-for-stm32.9-2020-q2-update.win32_2.0.0.202105311346/tools/bin/../lib/gcc/arm-none-eabi/9.3.1/thumb/v7-m/nofp/crtbegin.o
                [!provide]                        PROVIDE (__fini_array_end = .)
                0x000000000800253c                . = ALIGN (0x4)
                0x000000000800253c                _sidata = LOADADDR (.data)

.data           0x0000000020000000      0x108 load address 0x000000000800253c
                0x0000000020000000                . = ALIGN (0x4)
                0x0000000020000000                _sdata = .
 *(.data)
 *(.data*)
 .data.led_buffer
                0x0000000020000000       0x10 ./Core/Src/main.o
                0x0000000020000000                led_buffer
 .data.hour     0x0000000020000010        0x4 ./Core/Src/main.o
                0x0000000020000010                hour
 .data.minute   0x0000000020000014        0x4 ./Core/Src/main.o
                0x0000000020000014                minute
 .data.second   0x0000000020000018        0x4 ./Core/Src/main.o
                0x0000000020000018                second
 .data.rowBuffer
                0x000000002000001c       0x70 ./Core/Src/main.o
 .data.colBuffer
                0x000000002000008c       0x70 ./Core/Src/main.o
 .data.SystemCoreClock
                0x00000000200000fc        0x4 ./Core/Src/system_stm32f1xx.o
                0x00000000200000fc                SystemCoreClock
 .data.uwTickPrio
                0x0000000020000100        0x4 ./Drivers/STM32F1xx_HAL_Driver/Src/stm32f1xx_hal.o
                0x0000000020000100                uwTickPrio
 .data.uwTickFreq
                0x0000000020000104        0x1 ./Drivers/STM32F1xx_HAL_Driver/Src/stm32f1xx_hal.o
                0x0000000020000104                uwTickFreq
 *(.RamFunc)
 *(.RamFunc*)
                0x0000000020000108                . = ALIGN (0x4)
 *fill*         0x0000000020000105        0x3 
                0x0000000020000108                _edata = .

.igot.plt       0x0000000020000108        0x0 load address 0x0000000008002644
 .igot.plt      0x0000000020000108        0x0 c:/st/stm32cubeide_1.7.0/stm32cubeide/plugins/com.st.stm32cube.ide.mcu.externaltools.gnu-tools-for-stm32.9-2020-q2-update.win32_2.0.0.202105311346/tools/bin/../lib/gcc/arm-none-eabi/9.3.1/thumb/v7-m/nofp/crtbegin.o
                0x0000000020000108                . = ALIGN (0x4)

.bss            0x0000000020000108       0xac load address 0x0000000008002644
                0x0000000020000108                _sbss = .
                0x0000000020000108                __bss_start__ = _sbss
 *(.bss)
 .bss           0x0000000020000108       0x1c c:/st/stm32cubeide_1.7.0/stm32cubeide/plugins/com.st.stm32cube.ide.mcu.externaltools.gnu-tools-for-stm32.9-2020-q2-update.win32_2.0.0.202105311346/tools/bin/../lib/gcc/arm-none-eabi/9.3.1/thumb/v7-m/nofp/crtbegin.o
 *(.bss*)
 .bss.index_led
                0x0000000020000124        0x4 ./Core/Src/main.o
                0x0000000020000124                index_led
 .bss.index_led_matrix
                0x0000000020000128        0x4 ./Core/Src/main.o
 .bss.state     0x000000002000012c        0x4 ./Core/Src/main.o
 .bss.timer1_counter
                0x0000000020000130        0x4 ./Core/Src/software_timer.o
                0x0000000020000130                timer1_counter
 .bss.timer1_flag
                0x0000000020000134        0x4 ./Core/Src/software_timer.o
                0x0000000020000134                timer1_flag
 .bss.timer2_counter
                0x0000000020000138        0x4 ./Core/Src/software_timer.o
                0x0000000020000138                timer2_counter
 .bss.timer2_flag
                0x000000002000013c        0x4 ./Core/Src/software_timer.o
                0x000000002000013c                timer2_flag
 .bss.timer3_counter
                0x0000000020000140        0x4 ./Core/Src/software_timer.o
                0x0000000020000140                timer3_counter
 .bss.timer3_flag
                0x0000000020000144        0x4 ./Core/Src/software_timer.o
                0x0000000020000144                timer3_flag
 .bss.timer4_counter
                0x0000000020000148        0x4 ./Core/Src/software_timer.o
                0x0000000020000148                timer4_counter
 .bss.timer4_flag
                0x000000002000014c        0x4 ./Core/Src/software_timer.o
                0x000000002000014c                timer4_flag
 .bss.timer5_counter
                0x0000000020000150        0x4 ./Core/Src/software_timer.o
                0x0000000020000150                timer5_counter
 .bss.timer5_flag
                0x0000000020000154        0x4 ./Core/Src/software_timer.o
                0x0000000020000154                timer5_flag
 .bss.timer6_counter
                0x0000000020000158        0x4 ./Core/Src/software_timer.o
                0x0000000020000158                timer6_counter
 .bss.timer6_flag
                0x000000002000015c        0x4 ./Core/Src/software_timer.o
                0x000000002000015c                timer6_flag
 .bss.timer7_counter
                0x0000000020000160        0x4 ./Core/Src/software_timer.o
                0x0000000020000160                timer7_counter
 .bss.timer7_flag
                0x0000000020000164        0x4 ./Core/Src/software_timer.o
                0x0000000020000164                timer7_flag
 *(COMMON)
 COMMON         0x0000000020000168       0x48 ./Core/Src/main.o
                0x0000000020000168                htim2
 COMMON         0x00000000200001b0        0x4 ./Drivers/STM32F1xx_HAL_Driver/Src/stm32f1xx_hal.o
                0x00000000200001b0                uwTick
                0x00000000200001b4                . = ALIGN (0x4)
                0x00000000200001b4                _ebss = .
                0x00000000200001b4                __bss_end__ = _ebss

._user_heap_stack
                0x00000000200001b4      0x604 load address 0x0000000008002644
                0x00000000200001b8                . = ALIGN (0x8)
 *fill*         0x00000000200001b4        0x4 
                [!provide]                        PROVIDE (end = .)
                0x00000000200001b8                PROVIDE (_end = .)
                0x00000000200003b8                . = (. + _Min_Heap_Size)
 *fill*         0x00000000200001b8      0x200 
                0x00000000200007b8                . = (. + _Min_Stack_Size)
 *fill*         0x00000000200003b8      0x400 
                0x00000000200007b8                . = ALIGN (0x8)

/DISCARD/
 libc.a(*)
 libm.a(*)
 libgcc.a(*)

.ARM.attributes
                0x0000000000000000       0x29
 *(.ARM.attributes)
 .ARM.attributes
                0x0000000000000000       0x1d c:/st/stm32cubeide_1.7.0/stm32cubeide/plugins/com.st.stm32cube.ide.mcu.externaltools.gnu-tools-for-stm32.9-2020-q2-update.win32_2.0.0.202105311346/tools/bin/../lib/gcc/arm-none-eabi/9.3.1/thumb/v7-m/nofp/crti.o
 .ARM.attributes
                0x000000000000001d       0x2d c:/st/stm32cubeide_1.7.0/stm32cubeide/plugins/com.st.stm32cube.ide.mcu.externaltools.gnu-tools-for-stm32.9-2020-q2-update.win32_2.0.0.202105311346/tools/bin/../lib/gcc/arm-none-eabi/9.3.1/thumb/v7-m/nofp/crtbegin.o
 .ARM.attributes
                0x000000000000004a       0x2d ./Core/Src/main.o
 .ARM.attributes
                0x0000000000000077       0x2d ./Core/Src/software_timer.o
 .ARM.attributes
                0x00000000000000a4       0x2d ./Core/Src/stm32f1xx_hal_msp.o
 .ARM.attributes
                0x00000000000000d1       0x2d ./Core/Src/stm32f1xx_it.o
 .ARM.attributes
                0x00000000000000fe       0x2d ./Core/Src/system_stm32f1xx.o
 .ARM.attributes
                0x000000000000012b       0x21 ./Core/Startup/startup_stm32f103c6ux.o
 .ARM.attributes
                0x000000000000014c       0x2d ./Drivers/STM32F1xx_HAL_Driver/Src/stm32f1xx_hal.o
 .ARM.attributes
                0x0000000000000179       0x2d ./Drivers/STM32F1xx_HAL_Driver/Src/stm32f1xx_hal_cortex.o
 .ARM.attributes
                0x00000000000001a6       0x2d ./Drivers/STM32F1xx_HAL_Driver/Src/stm32f1xx_hal_gpio.o
 .ARM.attributes
                0x00000000000001d3       0x2d ./Drivers/STM32F1xx_HAL_Driver/Src/stm32f1xx_hal_rcc.o
 .ARM.attributes
                0x0000000000000200       0x2d ./Drivers/STM32F1xx_HAL_Driver/Src/stm32f1xx_hal_tim.o
 .ARM.attributes
                0x000000000000022d       0x2d ./Drivers/STM32F1xx_HAL_Driver/Src/stm32f1xx_hal_tim_ex.o
 .ARM.attributes
                0x000000000000025a       0x2d c:/st/stm32cubeide_1.7.0/stm32cubeide/plugins/com.st.stm32cube.ide.mcu.externaltools.gnu-tools-for-stm32.9-2020-q2-update.win32_2.0.0.202105311346/tools/bin/../lib/gcc/arm-none-eabi/9.3.1/../../../../arm-none-eabi/lib/thumb/v7-m/nofp\libc_nano.a(lib_a-init.o)
 .ARM.attributes
                0x0000000000000287       0x2d c:/st/stm32cubeide_1.7.0/stm32cubeide/plugins/com.st.stm32cube.ide.mcu.externaltools.gnu-tools-for-stm32.9-2020-q2-update.win32_2.0.0.202105311346/tools/bin/../lib/gcc/arm-none-eabi/9.3.1/../../../../arm-none-eabi/lib/thumb/v7-m/nofp\libc_nano.a(lib_a-memset.o)
 .ARM.attributes
                0x00000000000002b4       0x1d c:/st/stm32cubeide_1.7.0/stm32cubeide/plugins/com.st.stm32cube.ide.mcu.externaltools.gnu-tools-for-stm32.9-2020-q2-update.win32_2.0.0.202105311346/tools/bin/../lib/gcc/arm-none-eabi/9.3.1/thumb/v7-m/nofp/crtn.o
OUTPUT(MCU_Lab2.elf elf32-littlearm)
LOAD linker stubs
LOAD c:/st/stm32cubeide_1.7.0/stm32cubeide/plugins/com.st.stm32cube.ide.mcu.externaltools.gnu-tools-for-stm32.9-2020-q2-update.win32_2.0.0.202105311346/tools/bin/../lib/gcc/arm-none-eabi/9.3.1/../../../../arm-none-eabi/lib/thumb/v7-m/nofp\libc.a
LOAD c:/st/stm32cubeide_1.7.0/stm32cubeide/plugins/com.st.stm32cube.ide.mcu.externaltools.gnu-tools-for-stm32.9-2020-q2-update.win32_2.0.0.202105311346/tools/bin/../lib/gcc/arm-none-eabi/9.3.1/../../../../arm-none-eabi/lib/thumb/v7-m/nofp\libm.a
LOAD c:/st/stm32cubeide_1.7.0/stm32cubeide/plugins/com.st.stm32cube.ide.mcu.externaltools.gnu-tools-for-stm32.9-2020-q2-update.win32_2.0.0.202105311346/tools/bin/../lib/gcc/arm-none-eabi/9.3.1/thumb/v7-m/nofp\libgcc.a

.debug_info     0x0000000000000000     0x898f
 .debug_info    0x0000000000000000      0xe42 ./Core/Src/main.o
 .debug_info    0x0000000000000e42      0x27c ./Core/Src/software_timer.o
 .debug_info    0x00000000000010be      0xa09 ./Core/Src/stm32f1xx_hal_msp.o
 .debug_info    0x0000000000001ac7      0x7b9 ./Core/Src/stm32f1xx_it.o
 .debug_info    0x0000000000002280      0x2be ./Core/Src/system_stm32f1xx.o
 .debug_info    0x000000000000253e       0x22 ./Core/Startup/startup_stm32f103c6ux.o
 .debug_info    0x0000000000002560      0x74c ./Drivers/STM32F1xx_HAL_Driver/Src/stm32f1xx_hal.o
 .debug_info    0x0000000000002cac      0xbbe ./Drivers/STM32F1xx_HAL_Driver/Src/stm32f1xx_hal_cortex.o
 .debug_info    0x000000000000386a      0x701 ./Drivers/STM32F1xx_HAL_Driver/Src/stm32f1xx_hal_gpio.o
 .debug_info    0x0000000000003f6b      0x893 ./Drivers/STM32F1xx_HAL_Driver/Src/stm32f1xx_hal_rcc.o
 .debug_info    0x00000000000047fe     0x2c12 ./Drivers/STM32F1xx_HAL_Driver/Src/stm32f1xx_hal_tim.o
 .debug_info    0x0000000000007410     0x157f ./Drivers/STM32F1xx_HAL_Driver/Src/stm32f1xx_hal_tim_ex.o

.debug_abbrev   0x0000000000000000     0x160d
 .debug_abbrev  0x0000000000000000      0x29e ./Core/Src/main.o
 .debug_abbrev  0x000000000000029e       0xc3 ./Core/Src/software_timer.o
 .debug_abbrev  0x0000000000000361      0x1b7 ./Core/Src/stm32f1xx_hal_msp.o
 .debug_abbrev  0x0000000000000518      0x176 ./Core/Src/stm32f1xx_it.o
 .debug_abbrev  0x000000000000068e      0x14e ./Core/Src/system_stm32f1xx.o
 .debug_abbrev  0x00000000000007dc       0x12 ./Core/Startup/startup_stm32f103c6ux.o
 .debug_abbrev  0x00000000000007ee      0x1ed ./Drivers/STM32F1xx_HAL_Driver/Src/stm32f1xx_hal.o
 .debug_abbrev  0x00000000000009db      0x313 ./Drivers/STM32F1xx_HAL_Driver/Src/stm32f1xx_hal_cortex.o
 .debug_abbrev  0x0000000000000cee      0x1e8 ./Drivers/STM32F1xx_HAL_Driver/Src/stm32f1xx_hal_gpio.o
 .debug_abbrev  0x0000000000000ed6      0x273 ./Drivers/STM32F1xx_HAL_Driver/Src/stm32f1xx_hal_rcc.o
 .debug_abbrev  0x0000000000001149      0x25e ./Drivers/STM32F1xx_HAL_Driver/Src/stm32f1xx_hal_tim.o
 .debug_abbrev  0x00000000000013a7      0x266 ./Drivers/STM32F1xx_HAL_Driver/Src/stm32f1xx_hal_tim_ex.o

.debug_aranges  0x0000000000000000      0x9b8
 .debug_aranges
                0x0000000000000000       0x78 ./Core/Src/main.o
 .debug_aranges
                0x0000000000000078       0x58 ./Core/Src/software_timer.o
 .debug_aranges
                0x00000000000000d0       0x30 ./Core/Src/stm32f1xx_hal_msp.o
 .debug_aranges
                0x0000000000000100       0x68 ./Core/Src/stm32f1xx_it.o
 .debug_aranges
                0x0000000000000168       0x28 ./Core/Src/system_stm32f1xx.o
 .debug_aranges
                0x0000000000000190       0x28 ./Core/Startup/startup_stm32f103c6ux.o
 .debug_aranges
                0x00000000000001b8       0xe0 ./Drivers/STM32F1xx_HAL_Driver/Src/stm32f1xx_hal.o
 .debug_aranges
                0x0000000000000298      0x100 ./Drivers/STM32F1xx_HAL_Driver/Src/stm32f1xx_hal_cortex.o
 .debug_aranges
                0x0000000000000398       0x58 ./Drivers/STM32F1xx_HAL_Driver/Src/stm32f1xx_hal_gpio.o
 .debug_aranges
                0x00000000000003f0       0x90 ./Drivers/STM32F1xx_HAL_Driver/Src/stm32f1xx_hal_rcc.o
 .debug_aranges
                0x0000000000000480      0x3d0 ./Drivers/STM32F1xx_HAL_Driver/Src/stm32f1xx_hal_tim.o
 .debug_aranges
                0x0000000000000850      0x168 ./Drivers/STM32F1xx_HAL_Driver/Src/stm32f1xx_hal_tim_ex.o

.debug_ranges   0x0000000000000000      0x900
 .debug_ranges  0x0000000000000000       0x68 ./Core/Src/main.o
 .debug_ranges  0x0000000000000068       0x48 ./Core/Src/software_timer.o
 .debug_ranges  0x00000000000000b0       0x20 ./Core/Src/stm32f1xx_hal_msp.o
 .debug_ranges  0x00000000000000d0       0x58 ./Core/Src/stm32f1xx_it.o
 .debug_ranges  0x0000000000000128       0x18 ./Core/Src/system_stm32f1xx.o
 .debug_ranges  0x0000000000000140       0x20 ./Core/Startup/startup_stm32f103c6ux.o
 .debug_ranges  0x0000000000000160       0xd0 ./Drivers/STM32F1xx_HAL_Driver/Src/stm32f1xx_hal.o
 .debug_ranges  0x0000000000000230       0xf0 ./Drivers/STM32F1xx_HAL_Driver/Src/stm32f1xx_hal_cortex.o
 .debug_ranges  0x0000000000000320       0x48 ./Drivers/STM32F1xx_HAL_Driver/Src/stm32f1xx_hal_gpio.o
 .debug_ranges  0x0000000000000368       0x80 ./Drivers/STM32F1xx_HAL_Driver/Src/stm32f1xx_hal_rcc.o
 .debug_ranges  0x00000000000003e8      0x3c0 ./Drivers/STM32F1xx_HAL_Driver/Src/stm32f1xx_hal_tim.o
 .debug_ranges  0x00000000000007a8      0x158 ./Drivers/STM32F1xx_HAL_Driver/Src/stm32f1xx_hal_tim_ex.o

.debug_macro    0x0000000000000000    0x16372
 .debug_macro   0x0000000000000000      0x1b0 ./Core/Src/main.o
 .debug_macro   0x00000000000001b0      0xa9c ./Core/Src/main.o
 .debug_macro   0x0000000000000c4c      0x215 ./Core/Src/main.o
 .debug_macro   0x0000000000000e61       0x2e ./Core/Src/main.o
 .debug_macro   0x0000000000000e8f       0x22 ./Core/Src/main.o
 .debug_macro   0x0000000000000eb1       0x22 ./Core/Src/main.o
 .debug_macro   0x0000000000000ed3       0x8e ./Core/Src/main.o
 .debug_macro   0x0000000000000f61       0x51 ./Core/Src/main.o
 .debug_macro   0x0000000000000fb2      0x103 ./Core/Src/main.o
 .debug_macro   0x00000000000010b5       0x6a ./Core/Src/main.o
 .debug_macro   0x000000000000111f      0x1df ./Core/Src/main.o
 .debug_macro   0x00000000000012fe       0x1c ./Core/Src/main.o
 .debug_macro   0x000000000000131a       0x22 ./Core/Src/main.o
 .debug_macro   0x000000000000133c       0xc3 ./Core/Src/main.o
 .debug_macro   0x00000000000013ff      0xd23 ./Core/Src/main.o
 .debug_macro   0x0000000000002122     0xde75 ./Core/Src/main.o
 .debug_macro   0x000000000000ff97       0x6d ./Core/Src/main.o
 .debug_macro   0x0000000000010004     0x348d ./Core/Src/main.o
 .debug_macro   0x0000000000013491      0x174 ./Core/Src/main.o
 .debug_macro   0x0000000000013605       0x5c ./Core/Src/main.o
 .debug_macro   0x0000000000013661      0x5bc ./Core/Src/main.o
 .debug_macro   0x0000000000013c1d      0x1b7 ./Core/Src/main.o
 .debug_macro   0x0000000000013dd4      0x1cb ./Core/Src/main.o
 .debug_macro   0x0000000000013f9f      0x114 ./Core/Src/main.o
 .debug_macro   0x00000000000140b3      0x1b2 ./Core/Src/main.o
 .debug_macro   0x0000000000014265       0x27 ./Core/Src/main.o
 .debug_macro   0x000000000001428c      0x12f ./Core/Src/main.o
 .debug_macro   0x00000000000143bb      0x1bc ./Core/Src/main.o
 .debug_macro   0x0000000000014577       0x34 ./Core/Src/main.o
 .debug_macro   0x00000000000145ab       0x3c ./Core/Src/main.o
 .debug_macro   0x00000000000145e7       0x57 ./Core/Src/main.o
 .debug_macro   0x000000000001463e       0x87 ./Core/Src/main.o
 .debug_macro   0x00000000000146c5      0x183 ./Core/Src/main.o
 .debug_macro   0x0000000000014848      0x140 ./Core/Src/main.o
 .debug_macro   0x0000000000014988      0x8ed ./Core/Src/main.o
 .debug_macro   0x0000000000015275       0x69 ./Core/Src/main.o
 .debug_macro   0x00000000000152de      0x160 ./Core/Src/main.o
 .debug_macro   0x000000000001543e       0x1b ./Core/Src/software_timer.o
 .debug_macro   0x0000000000015459      0x1a6 ./Core/Src/stm32f1xx_hal_msp.o
 .debug_macro   0x00000000000155ff      0x1b0 ./Core/Src/stm32f1xx_it.o
 .debug_macro   0x00000000000157af      0x197 ./Core/Src/system_stm32f1xx.o
 .debug_macro   0x0000000000015946      0x1bb ./Drivers/STM32F1xx_HAL_Driver/Src/stm32f1xx_hal.o
 .debug_macro   0x0000000000015b01      0x197 ./Drivers/STM32F1xx_HAL_Driver/Src/stm32f1xx_hal_cortex.o
 .debug_macro   0x0000000000015c98      0x202 ./Drivers/STM32F1xx_HAL_Driver/Src/stm32f1xx_hal_gpio.o
 .debug_macro   0x0000000000015e9a      0x1a9 ./Drivers/STM32F1xx_HAL_Driver/Src/stm32f1xx_hal_rcc.o
 .debug_macro   0x0000000000016043      0x198 ./Drivers/STM32F1xx_HAL_Driver/Src/stm32f1xx_hal_tim.o
 .debug_macro   0x00000000000161db      0x197 ./Drivers/STM32F1xx_HAL_Driver/Src/stm32f1xx_hal_tim_ex.o

.debug_line     0x0000000000000000     0x971f
 .debug_line    0x0000000000000000      0x9fd ./Core/Src/main.o
 .debug_line    0x00000000000009fd      0x1a6 ./Core/Src/software_timer.o
 .debug_line    0x0000000000000ba3      0x6a1 ./Core/Src/stm32f1xx_hal_msp.o
 .debug_line    0x0000000000001244      0x73f ./Core/Src/stm32f1xx_it.o
 .debug_line    0x0000000000001983      0x6e3 ./Core/Src/system_stm32f1xx.o
 .debug_line    0x0000000000002066       0x86 ./Core/Startup/startup_stm32f103c6ux.o
 .debug_line    0x00000000000020ec      0x910 ./Drivers/STM32F1xx_HAL_Driver/Src/stm32f1xx_hal.o
 .debug_line    0x00000000000029fc      0xaf8 ./Drivers/STM32F1xx_HAL_Driver/Src/stm32f1xx_hal_cortex.o
 .debug_line    0x00000000000034f4      0x993 ./Drivers/STM32F1xx_HAL_Driver/Src/stm32f1xx_hal_gpio.o
 .debug_line    0x0000000000003e87      0xd1c ./Drivers/STM32F1xx_HAL_Driver/Src/stm32f1xx_hal_rcc.o
 .debug_line    0x0000000000004ba3     0x3346 ./Drivers/STM32F1xx_HAL_Driver/Src/stm32f1xx_hal_tim.o
 .debug_line    0x0000000000007ee9     0x1836 ./Drivers/STM32F1xx_HAL_Driver/Src/stm32f1xx_hal_tim_ex.o

.debug_str      0x0000000000000000    0x8234e
 .debug_str     0x0000000000000000    0x8002e ./Core/Src/main.o
                                      0x80428 (size before relaxing)
 .debug_str     0x000000000008002e       0xde ./Core/Src/software_timer.o
                                       0x2eaa (size before relaxing)
 .debug_str     0x000000000008010c      0x2ba ./Core/Src/stm32f1xx_hal_msp.o
                                      0x8032a (size before relaxing)
 .debug_str     0x00000000000803c6       0xcd ./Core/Src/stm32f1xx_it.o
                                      0x8008c (size before relaxing)
 .debug_str     0x0000000000080493       0x52 ./Core/Src/system_stm32f1xx.o
                                      0x7f6e5 (size before relaxing)
 .debug_str     0x00000000000804e5       0x36 ./Core/Startup/startup_stm32f103c6ux.o
                                         0x74 (size before relaxing)
 .debug_str     0x000000000008051b      0x304 ./Drivers/STM32F1xx_HAL_Driver/Src/stm32f1xx_hal.o
                                      0x7fd3c (size before relaxing)
 .debug_str     0x000000000008081f      0x300 ./Drivers/STM32F1xx_HAL_Driver/Src/stm32f1xx_hal_cortex.o
                                      0x7fd44 (size before relaxing)
 .debug_str     0x0000000000080b1f      0x324 ./Drivers/STM32F1xx_HAL_Driver/Src/stm32f1xx_hal_gpio.o
                                      0x7faa9 (size before relaxing)
 .debug_str     0x0000000000080e43      0x24f ./Drivers/STM32F1xx_HAL_Driver/Src/stm32f1xx_hal_rcc.o
                                      0x7fae2 (size before relaxing)
 .debug_str     0x0000000000081092      0xdce ./Drivers/STM32F1xx_HAL_Driver/Src/stm32f1xx_hal_tim.o
                                      0x80abb (size before relaxing)
 .debug_str     0x0000000000081e60      0x4ee ./Drivers/STM32F1xx_HAL_Driver/Src/stm32f1xx_hal_tim_ex.o
                                      0x8026c (size before relaxing)

.comment        0x0000000000000000       0x53
 .comment       0x0000000000000000       0x53 ./Core/Src/main.o
                                         0x54 (size before relaxing)
 .comment       0x0000000000000053       0x54 ./Core/Src/software_timer.o
 .comment       0x0000000000000053       0x54 ./Core/Src/stm32f1xx_hal_msp.o
 .comment       0x0000000000000053       0x54 ./Core/Src/stm32f1xx_it.o
 .comment       0x0000000000000053       0x54 ./Core/Src/system_stm32f1xx.o
 .comment       0x0000000000000053       0x54 ./Drivers/STM32F1xx_HAL_Driver/Src/stm32f1xx_hal.o
 .comment       0x0000000000000053       0x54 ./Drivers/STM32F1xx_HAL_Driver/Src/stm32f1xx_hal_cortex.o
 .comment       0x0000000000000053       0x54 ./Drivers/STM32F1xx_HAL_Driver/Src/stm32f1xx_hal_gpio.o
 .comment       0x0000000000000053       0x54 ./Drivers/STM32F1xx_HAL_Driver/Src/stm32f1xx_hal_rcc.o
 .comment       0x0000000000000053       0x54 ./Drivers/STM32F1xx_HAL_Driver/Src/stm32f1xx_hal_tim.o
 .comment       0x0000000000000053       0x54 ./Drivers/STM32F1xx_HAL_Driver/Src/stm32f1xx_hal_tim_ex.o

.debug_frame    0x0000000000000000     0x27e8
 .debug_frame   0x0000000000000000      0x1ac ./Core/Src/main.o
 .debug_frame   0x00000000000001ac      0x148 ./Core/Src/software_timer.o
 .debug_frame   0x00000000000002f4       0x80 ./Core/Src/stm32f1xx_hal_msp.o
 .debug_frame   0x0000000000000374      0x120 ./Core/Src/stm32f1xx_it.o
 .debug_frame   0x0000000000000494       0x58 ./Core/Src/system_stm32f1xx.o
 .debug_frame   0x00000000000004ec      0x334 ./Drivers/STM32F1xx_HAL_Driver/Src/stm32f1xx_hal.o
 .debug_frame   0x0000000000000820      0x428 ./Drivers/STM32F1xx_HAL_Driver/Src/stm32f1xx_hal_cortex.o
 .debug_frame   0x0000000000000c48      0x14c ./Drivers/STM32F1xx_HAL_Driver/Src/stm32f1xx_hal_gpio.o
 .debug_frame   0x0000000000000d94      0x218 ./Drivers/STM32F1xx_HAL_Driver/Src/stm32f1xx_hal_rcc.o
 .debug_frame   0x0000000000000fac     0x11b8 ./Drivers/STM32F1xx_HAL_Driver/Src/stm32f1xx_hal_tim.o
 .debug_frame   0x0000000000002164      0x638 ./Drivers/STM32F1xx_HAL_Driver/Src/stm32f1xx_hal_tim_ex.o
 .debug_frame   0x000000000000279c       0x2c c:/st/stm32cubeide_1.7.0/stm32cubeide/plugins/com.st.stm32cube.ide.mcu.externaltools.gnu-tools-for-stm32.9-2020-q2-update.win32_2.0.0.202105311346/tools/bin/../lib/gcc/arm-none-eabi/9.3.1/../../../../arm-none-eabi/lib/thumb/v7-m/nofp\libc_nano.a(lib_a-init.o)
 .debug_frame   0x00000000000027c8       0x20 c:/st/stm32cubeide_1.7.0/stm32cubeide/plugins/com.st.stm32cube.ide.mcu.externaltools.gnu-tools-for-stm32.9-2020-q2-update.win32_2.0.0.202105311346/tools/bin/../lib/gcc/arm-none-eabi/9.3.1/../../../../arm-none-eabi/lib/thumb/v7-m/nofp\libc_nano.a(lib_a-memset.o)
