22:07:47 **** Incremental Build of configuration Debug for project MCU_Lab2 ****
make -j8 all 
arm-none-eabi-size   MCU_Lab2.elf 
   text	   data	    bss	    dec	    hex	filename
   7544	     48	   1680	   9272	   2438	MCU_Lab2.elf
Finished building: default.size.stdout
 
22:09:07 **** Incremental Build of configuration Debug for project MCU_Lab2 ****
make -j8 all 
arm-none-eabi-gcc "../Core/Src/main.c" -mcpu=cortex-m3 -std=gnu11 -g3 -DDEBUG -DUSE_HAL_DRIVER -DSTM32F103x6 -c -I../Core/Inc -I../Drivers/STM32F1xx_HAL_Driver/Inc -I../Drivers/STM32F1xx_HAL_Driver/Inc/Legacy -I../Drivers/CMSIS/Device/ST/STM32F1xx/Include -I../Drivers/CMSIS/Include -O0 -ffunction-sections -fdata-sections -Wall -fstack-usage -MMD -MP -MF"Core/Src/main.d" -MT"Core/Src/main.o" --specs=nano.specs -mfloat-abi=soft -mthumb -o "Core/Src/main.o"
../Core/Src/main.c: In function 'updateClockBuffer':
../Core/Src/main.c:138:16: error: 'hour' undeclared (first use in this function)
  138 |  led_buffer[0]=hour/10;
      |                ^~~~
../Core/Src/main.c:138:16: note: each undeclared identifier is reported only once for each function it appears in
../Core/Src/main.c:140:16: error: 'minute' undeclared (first use in this function)
  140 |  led_buffer[2]=minute/10;
      |                ^~~~~~
make: *** [Core/Src/subdir.mk:37: Core/Src/main.o] Error 1
"make -j8 all" terminated with exit code 2. Build might be incomplete.
22:09:59 **** Incremental Build of configuration Debug for project MCU_Lab2 ****
make -j8 all 
arm-none-eabi-gcc "../Core/Src/main.c" -mcpu=cortex-m3 -std=gnu11 -g3 -DDEBUG -DUSE_HAL_DRIVER -DSTM32F103x6 -c -I../Core/Inc -I../Drivers/STM32F1xx_HAL_Driver/Inc -I../Drivers/STM32F1xx_HAL_Driver/Inc/Legacy -I../Drivers/CMSIS/Device/ST/STM32F1xx/Include -I../Drivers/CMSIS/Include -O0 -ffunction-sections -fdata-sections -Wall -fstack-usage -MMD -MP -MF"Core/Src/main.d" -MT"Core/Src/main.o" --specs=nano.specs -mfloat-abi=soft -mthumb -o "Core/Src/main.o"
arm-none-eabi-gcc -o "MCU_Lab2.elf" @"objects.list"   -mcpu=cortex-m3 -T"C:\Users\Hoai Thanh\Documents\VXK-VDK\MCU_Lab2\MCU_Lab2\STM32F103C6UX_FLASH.ld" --specs=nosys.specs -Wl,-Map="MCU_Lab2.map" -Wl,--gc-sections -static --specs=nano.specs -mfloat-abi=soft -mthumb -Wl,--start-group -lc -lm -Wl,--end-group
Finished building target: MCU_Lab2.elf
 
arm-none-eabi-size   MCU_Lab2.elf 
arm-none-eabi-objdump -h -S  MCU_Lab2.elf  > "MCU_Lab2.list"
   text	   data	    bss	    dec	    hex	filename
   7544	     48	   1680	   9272	   2438	MCU_Lab2.elf
arm-none-eabi-objcopy  -O ihex  MCU_Lab2.elf  "MCU_Lab2.hex"
Finished building: default.size.stdout
arm-none-eabi-objcopy  -O binary  MCU_Lab2.elf  "MCU_Lab2.bin"
 
Finished building: MCU_Lab2.hex
Finished building: MCU_Lab2.list
Finished building: MCU_Lab2.bin
 
 
 
22:35:45 **** Incremental Build of configuration Debug for project MCU_Lab2 ****
make -j8 all 
arm-none-eabi-gcc "../Core/Src/main.c" -mcpu=cortex-m3 -std=gnu11 -g3 -DDEBUG -DUSE_HAL_DRIVER -DSTM32F103x6 -c -I../Core/Inc -I../Drivers/STM32F1xx_HAL_Driver/Inc -I../Drivers/STM32F1xx_HAL_Driver/Inc/Legacy -I../Drivers/CMSIS/Device/ST/STM32F1xx/Include -I../Drivers/CMSIS/Include -O0 -ffunction-sections -fdata-sections -Wall -fstack-usage -MMD -MP -MF"Core/Src/main.d" -MT"Core/Src/main.o" --specs=nano.specs -mfloat-abi=soft -mthumb -o "Core/Src/main.o"
arm-none-eabi-gcc -o "MCU_Lab2.elf" @"objects.list"   -mcpu=cortex-m3 -T"C:\Users\Hoai Thanh\Documents\VXK-VDK\MCU_Lab2\MCU_Lab2\STM32F103C6UX_FLASH.ld" --specs=nosys.specs -Wl,-Map="MCU_Lab2.map" -Wl,--gc-sections -static --specs=nano.specs -mfloat-abi=soft -mthumb -Wl,--start-group -lc -lm -Wl,--end-group
Finished building target: MCU_Lab2.elf
 
arm-none-eabi-size   MCU_Lab2.elf 
arm-none-eabi-objdump -h -S  MCU_Lab2.elf  > "MCU_Lab2.list"
   text	   data	    bss	    dec	    hex	filename
   8676	     48	   1688	  10412	   28ac	MCU_Lab2.elf
arm-none-eabi-objcopy  -O ihex  MCU_Lab2.elf  "MCU_Lab2.hex"
Finished building: default.size.stdout
arm-none-eabi-objcopy  -O binary  MCU_Lab2.elf  "MCU_Lab2.bin"
 
Finished building: MCU_Lab2.list
Finished building: MCU_Lab2.hex
 
Finished building: MCU_Lab2.bin
 
 
22:36:40 **** Incremental Build of configuration Debug for project MCU_Lab2 ****
make -j8 all 
arm-none-eabi-gcc "../Core/Src/main.c" -mcpu=cortex-m3 -std=gnu11 -g3 -DDEBUG -DUSE_HAL_DRIVER -DSTM32F103x6 -c -I../Core/Inc -I../Drivers/STM32F1xx_HAL_Driver/Inc -I../Drivers/STM32F1xx_HAL_Driver/Inc/Legacy -I../Drivers/CMSIS/Device/ST/STM32F1xx/Include -I../Drivers/CMSIS/Include -O0 -ffunction-sections -fdata-sections -Wall -fstack-usage -MMD -MP -MF"Core/Src/main.d" -MT"Core/Src/main.o" --specs=nano.specs -mfloat-abi=soft -mthumb -o "Core/Src/main.o"
arm-none-eabi-gcc -o "MCU_Lab2.elf" @"objects.list"   -mcpu=cortex-m3 -T"C:\Users\Hoai Thanh\Documents\VXK-VDK\MCU_Lab2\MCU_Lab2\STM32F103C6UX_FLASH.ld" --specs=nosys.specs -Wl,-Map="MCU_Lab2.map" -Wl,--gc-sections -static --specs=nano.specs -mfloat-abi=soft -mthumb -Wl,--start-group -lc -lm -Wl,--end-group
Finished building target: MCU_Lab2.elf
 
arm-none-eabi-size   MCU_Lab2.elf 
arm-none-eabi-objdump -h -S  MCU_Lab2.elf  > "MCU_Lab2.list"
   text	   data	    bss	    dec	    hex	filename
   8660	     48	   1688	  10396	   289c	MCU_Lab2.elf
arm-none-eabi-objcopy  -O ihex  MCU_Lab2.elf  "MCU_Lab2.hex"
Finished building: default.size.stdout
arm-none-eabi-objcopy  -O binary  MCU_Lab2.elf  "MCU_Lab2.bin"
 
Finished building: MCU_Lab2.list
Finished building: MCU_Lab2.hex
 
Finished building: MCU_Lab2.bin
 
 
22:47:34 **** Incremental Build of configuration Debug for project MCU_Lab2 ****
make -j8 all 
arm-none-eabi-gcc "../Core/Src/main.c" -mcpu=cortex-m3 -std=gnu11 -g3 -DDEBUG -DUSE_HAL_DRIVER -DSTM32F103x6 -c -I../Core/Inc -I../Drivers/STM32F1xx_HAL_Driver/Inc -I../Drivers/STM32F1xx_HAL_Driver/Inc/Legacy -I../Drivers/CMSIS/Device/ST/STM32F1xx/Include -I../Drivers/CMSIS/Include -O0 -ffunction-sections -fdata-sections -Wall -fstack-usage -MMD -MP -MF"Core/Src/main.d" -MT"Core/Src/main.o" --specs=nano.specs -mfloat-abi=soft -mthumb -o "Core/Src/main.o"
arm-none-eabi-gcc -o "MCU_Lab2.elf" @"objects.list"   -mcpu=cortex-m3 -T"C:\Users\Hoai Thanh\Documents\VXK-VDK\MCU_Lab2\MCU_Lab2\STM32F103C6UX_FLASH.ld" --specs=nosys.specs -Wl,-Map="MCU_Lab2.map" -Wl,--gc-sections -static --specs=nano.specs -mfloat-abi=soft -mthumb -Wl,--start-group -lc -lm -Wl,--end-group
Finished building target: MCU_Lab2.elf
 
arm-none-eabi-size   MCU_Lab2.elf 
arm-none-eabi-objdump -h -S  MCU_Lab2.elf  > "MCU_Lab2.list"
   text	   data	    bss	    dec	    hex	filename
   8660	     48	   1688	  10396	   289c	MCU_Lab2.elf
arm-none-eabi-objcopy  -O ihex  MCU_Lab2.elf  "MCU_Lab2.hex"
Finished building: default.size.stdout
arm-none-eabi-objcopy  -O binary  MCU_Lab2.elf  "MCU_Lab2.bin"
 
Finished building: MCU_Lab2.list
Finished building: MCU_Lab2.hex
 
Finished building: MCU_Lab2.bin
 
 
22:57:39 **** Incremental Build of configuration Debug for project MCU_Lab2 ****
make -j8 all 
arm-none-eabi-gcc "../Core/Src/main.c" -mcpu=cortex-m3 -std=gnu11 -g3 -DDEBUG -DUSE_HAL_DRIVER -DSTM32F103x6 -c -I../Core/Inc -I../Drivers/STM32F1xx_HAL_Driver/Inc -I../Drivers/STM32F1xx_HAL_Driver/Inc/Legacy -I../Drivers/CMSIS/Device/ST/STM32F1xx/Include -I../Drivers/CMSIS/Include -O0 -ffunction-sections -fdata-sections -Wall -fstack-usage -MMD -MP -MF"Core/Src/main.d" -MT"Core/Src/main.o" --specs=nano.specs -mfloat-abi=soft -mthumb -o "Core/Src/main.o"
arm-none-eabi-gcc "../Core/Src/software_timer.c" -mcpu=cortex-m3 -std=gnu11 -g3 -DDEBUG -DUSE_HAL_DRIVER -DSTM32F103x6 -c -I../Core/Inc -I../Drivers/STM32F1xx_HAL_Driver/Inc -I../Drivers/STM32F1xx_HAL_Driver/Inc/Legacy -I../Drivers/CMSIS/Device/ST/STM32F1xx/Include -I../Drivers/CMSIS/Include -O0 -ffunction-sections -fdata-sections -Wall -fstack-usage -MMD -MP -MF"Core/Src/software_timer.d" -MT"Core/Src/software_timer.o" --specs=nano.specs -mfloat-abi=soft -mthumb -o "Core/Src/software_timer.o"
arm-none-eabi-gcc -o "MCU_Lab2.elf" @"objects.list"   -mcpu=cortex-m3 -T"C:\Users\Hoai Thanh\Documents\VXK-VDK\MCU_Lab2\MCU_Lab2\STM32F103C6UX_FLASH.ld" --specs=nosys.specs -Wl,-Map="MCU_Lab2.map" -Wl,--gc-sections -static --specs=nano.specs -mfloat-abi=soft -mthumb -Wl,--start-group -lc -lm -Wl,--end-group
Finished building target: MCU_Lab2.elf
 
arm-none-eabi-size   MCU_Lab2.elf 
arm-none-eabi-objdump -h -S  MCU_Lab2.elf  > "MCU_Lab2.list"
   text	   data	    bss	    dec	    hex	filename
   8660	     48	   1688	  10396	   289c	MCU_Lab2.elf
arm-none-eabi-objcopy  -O ihex  MCU_Lab2.elf  "MCU_Lab2.hex"
Finished building: default.size.stdout
arm-none-eabi-objcopy  -O binary  MCU_Lab2.elf  "MCU_Lab2.bin"
 
Finished building: MCU_Lab2.list
Finished building: MCU_Lab2.hex
 
Finished building: MCU_Lab2.bin
 
 
22:16:55 **** Incremental Build of configuration Debug for project MCU_Lab2 ****
make -j8 all 
arm-none-eabi-gcc "../Drivers/STM32F1xx_HAL_Driver/Src/stm32f1xx_hal.c" -mcpu=cortex-m3 -std=gnu11 -g3 -DDEBUG -DUSE_HAL_DRIVER -DSTM32F103x6 -c -I../Core/Inc -I../Drivers/STM32F1xx_HAL_Driver/Inc -I../Drivers/STM32F1xx_HAL_Driver/Inc/Legacy -I../Drivers/CMSIS/Device/ST/STM32F1xx/Include -I../Drivers/CMSIS/Include -O0 -ffunction-sections -fdata-sections -Wall -fstack-usage -MMD -MP -MF"Drivers/STM32F1xx_HAL_Driver/Src/stm32f1xx_hal.d" -MT"Drivers/STM32F1xx_HAL_Driver/Src/stm32f1xx_hal.o" --specs=nano.specs -mfloat-abi=soft -mthumb -o "Drivers/STM32F1xx_HAL_Driver/Src/stm32f1xx_hal.o"
arm-none-eabi-gcc "../Drivers/STM32F1xx_HAL_Driver/Src/stm32f1xx_hal_cortex.c" -mcpu=cortex-m3 -std=gnu11 -g3 -DDEBUG -DUSE_HAL_DRIVER -DSTM32F103x6 -c -I../Core/Inc -I../Drivers/STM32F1xx_HAL_Driver/Inc -I../Drivers/STM32F1xx_HAL_Driver/Inc/Legacy -I../Drivers/CMSIS/Device/ST/STM32F1xx/Include -I../Drivers/CMSIS/Include -O0 -ffunction-sections -fdata-sections -Wall -fstack-usage -MMD -MP -MF"Drivers/STM32F1xx_HAL_Driver/Src/stm32f1xx_hal_cortex.d" -MT"Drivers/STM32F1xx_HAL_Driver/Src/stm32f1xx_hal_cortex.o" --specs=nano.specs -mfloat-abi=soft -mthumb -o "Drivers/STM32F1xx_HAL_Driver/Src/stm32f1xx_hal_cortex.o"
arm-none-eabi-gcc "../Drivers/STM32F1xx_HAL_Driver/Src/stm32f1xx_hal_dma.c" -mcpu=cortex-m3 -std=gnu11 -g3 -DDEBUG -DUSE_HAL_DRIVER -DSTM32F103x6 -c -I../Core/Inc -I../Drivers/STM32F1xx_HAL_Driver/Inc -I../Drivers/STM32F1xx_HAL_Driver/Inc/Legacy -I../Drivers/CMSIS/Device/ST/STM32F1xx/Include -I../Drivers/CMSIS/Include -O0 -ffunction-sections -fdata-sections -Wall -fstack-usage -MMD -MP -MF"Drivers/STM32F1xx_HAL_Driver/Src/stm32f1xx_hal_dma.d" -MT"Drivers/STM32F1xx_HAL_Driver/Src/stm32f1xx_hal_dma.o" --specs=nano.specs -mfloat-abi=soft -mthumb -o "Drivers/STM32F1xx_HAL_Driver/Src/stm32f1xx_hal_dma.o"
arm-none-eabi-gcc "../Drivers/STM32F1xx_HAL_Driver/Src/stm32f1xx_hal_exti.c" -mcpu=cortex-m3 -std=gnu11 -g3 -DDEBUG -DUSE_HAL_DRIVER -DSTM32F103x6 -c -I../Core/Inc -I../Drivers/STM32F1xx_HAL_Driver/Inc -I../Drivers/STM32F1xx_HAL_Driver/Inc/Legacy -I../Drivers/CMSIS/Device/ST/STM32F1xx/Include -I../Drivers/CMSIS/Include -O0 -ffunction-sections -fdata-sections -Wall -fstack-usage -MMD -MP -MF"Drivers/STM32F1xx_HAL_Driver/Src/stm32f1xx_hal_exti.d" -MT"Drivers/STM32F1xx_HAL_Driver/Src/stm32f1xx_hal_exti.o" --specs=nano.specs -mfloat-abi=soft -mthumb -o "Drivers/STM32F1xx_HAL_Driver/Src/stm32f1xx_hal_exti.o"
arm-none-eabi-gcc "../Drivers/STM32F1xx_HAL_Driver/Src/stm32f1xx_hal_flash.c" -mcpu=cortex-m3 -std=gnu11 -g3 -DDEBUG -DUSE_HAL_DRIVER -DSTM32F103x6 -c -I../Core/Inc -I../Drivers/STM32F1xx_HAL_Driver/Inc -I../Drivers/STM32F1xx_HAL_Driver/Inc/Legacy -I../Drivers/CMSIS/Device/ST/STM32F1xx/Include -I../Drivers/CMSIS/Include -O0 -ffunction-sections -fdata-sections -Wall -fstack-usage -MMD -MP -MF"Drivers/STM32F1xx_HAL_Driver/Src/stm32f1xx_hal_flash.d" -MT"Drivers/STM32F1xx_HAL_Driver/Src/stm32f1xx_hal_flash.o" --specs=nano.specs -mfloat-abi=soft -mthumb -o "Drivers/STM32F1xx_HAL_Driver/Src/stm32f1xx_hal_flash.o"
arm-none-eabi-gcc "../Drivers/STM32F1xx_HAL_Driver/Src/stm32f1xx_hal_flash_ex.c" -mcpu=cortex-m3 -std=gnu11 -g3 -DDEBUG -DUSE_HAL_DRIVER -DSTM32F103x6 -c -I../Core/Inc -I../Drivers/STM32F1xx_HAL_Driver/Inc -I../Drivers/STM32F1xx_HAL_Driver/Inc/Legacy -I../Drivers/CMSIS/Device/ST/STM32F1xx/Include -I../Drivers/CMSIS/Include -O0 -ffunction-sections -fdata-sections -Wall -fstack-usage -MMD -MP -MF"Drivers/STM32F1xx_HAL_Driver/Src/stm32f1xx_hal_flash_ex.d" -MT"Drivers/STM32F1xx_HAL_Driver/Src/stm32f1xx_hal_flash_ex.o" --specs=nano.specs -mfloat-abi=soft -mthumb -o "Drivers/STM32F1xx_HAL_Driver/Src/stm32f1xx_hal_flash_ex.o"
arm-none-eabi-gcc "../Drivers/STM32F1xx_HAL_Driver/Src/stm32f1xx_hal_gpio.c" -mcpu=cortex-m3 -std=gnu11 -g3 -DDEBUG -DUSE_HAL_DRIVER -DSTM32F103x6 -c -I../Core/Inc -I../Drivers/STM32F1xx_HAL_Driver/Inc -I../Drivers/STM32F1xx_HAL_Driver/Inc/Legacy -I../Drivers/CMSIS/Device/ST/STM32F1xx/Include -I../Drivers/CMSIS/Include -O0 -ffunction-sections -fdata-sections -Wall -fstack-usage -MMD -MP -MF"Drivers/STM32F1xx_HAL_Driver/Src/stm32f1xx_hal_gpio.d" -MT"Drivers/STM32F1xx_HAL_Driver/Src/stm32f1xx_hal_gpio.o" --specs=nano.specs -mfloat-abi=soft -mthumb -o "Drivers/STM32F1xx_HAL_Driver/Src/stm32f1xx_hal_gpio.o"
arm-none-eabi-gcc "../Drivers/STM32F1xx_HAL_Driver/Src/stm32f1xx_hal_gpio_ex.c" -mcpu=cortex-m3 -std=gnu11 -g3 -DDEBUG -DUSE_HAL_DRIVER -DSTM32F103x6 -c -I../Core/Inc -I../Drivers/STM32F1xx_HAL_Driver/Inc -I../Drivers/STM32F1xx_HAL_Driver/Inc/Legacy -I../Drivers/CMSIS/Device/ST/STM32F1xx/Include -I../Drivers/CMSIS/Include -O0 -ffunction-sections -fdata-sections -Wall -fstack-usage -MMD -MP -MF"Drivers/STM32F1xx_HAL_Driver/Src/stm32f1xx_hal_gpio_ex.d" -MT"Drivers/STM32F1xx_HAL_Driver/Src/stm32f1xx_hal_gpio_ex.o" --specs=nano.specs -mfloat-abi=soft -mthumb -o "Drivers/STM32F1xx_HAL_Driver/Src/stm32f1xx_hal_gpio_ex.o"
arm-none-eabi-gcc "../Drivers/STM32F1xx_HAL_Driver/Src/stm32f1xx_hal_pwr.c" -mcpu=cortex-m3 -std=gnu11 -g3 -DDEBUG -DUSE_HAL_DRIVER -DSTM32F103x6 -c -I../Core/Inc -I../Drivers/STM32F1xx_HAL_Driver/Inc -I../Drivers/STM32F1xx_HAL_Driver/Inc/Legacy -I../Drivers/CMSIS/Device/ST/STM32F1xx/Include -I../Drivers/CMSIS/Include -O0 -ffunction-sections -fdata-sections -Wall -fstack-usage -MMD -MP -MF"Drivers/STM32F1xx_HAL_Driver/Src/stm32f1xx_hal_pwr.d" -MT"Drivers/STM32F1xx_HAL_Driver/Src/stm32f1xx_hal_pwr.o" --specs=nano.specs -mfloat-abi=soft -mthumb -o "Drivers/STM32F1xx_HAL_Driver/Src/stm32f1xx_hal_pwr.o"
arm-none-eabi-gcc "../Drivers/STM32F1xx_HAL_Driver/Src/stm32f1xx_hal_rcc.c" -mcpu=cortex-m3 -std=gnu11 -g3 -DDEBUG -DUSE_HAL_DRIVER -DSTM32F103x6 -c -I../Core/Inc -I../Drivers/STM32F1xx_HAL_Driver/Inc -I../Drivers/STM32F1xx_HAL_Driver/Inc/Legacy -I../Drivers/CMSIS/Device/ST/STM32F1xx/Include -I../Drivers/CMSIS/Include -O0 -ffunction-sections -fdata-sections -Wall -fstack-usage -MMD -MP -MF"Drivers/STM32F1xx_HAL_Driver/Src/stm32f1xx_hal_rcc.d" -MT"Drivers/STM32F1xx_HAL_Driver/Src/stm32f1xx_hal_rcc.o" --specs=nano.specs -mfloat-abi=soft -mthumb -o "Drivers/STM32F1xx_HAL_Driver/Src/stm32f1xx_hal_rcc.o"
arm-none-eabi-gcc "../Drivers/STM32F1xx_HAL_Driver/Src/stm32f1xx_hal_rcc_ex.c" -mcpu=cortex-m3 -std=gnu11 -g3 -DDEBUG -DUSE_HAL_DRIVER -DSTM32F103x6 -c -I../Core/Inc -I../Drivers/STM32F1xx_HAL_Driver/Inc -I../Drivers/STM32F1xx_HAL_Driver/Inc/Legacy -I../Drivers/CMSIS/Device/ST/STM32F1xx/Include -I../Drivers/CMSIS/Include -O0 -ffunction-sections -fdata-sections -Wall -fstack-usage -MMD -MP -MF"Drivers/STM32F1xx_HAL_Driver/Src/stm32f1xx_hal_rcc_ex.d" -MT"Drivers/STM32F1xx_HAL_Driver/Src/stm32f1xx_hal_rcc_ex.o" --specs=nano.specs -mfloat-abi=soft -mthumb -o "Drivers/STM32F1xx_HAL_Driver/Src/stm32f1xx_hal_rcc_ex.o"
arm-none-eabi-gcc "../Drivers/STM32F1xx_HAL_Driver/Src/stm32f1xx_hal_tim.c" -mcpu=cortex-m3 -std=gnu11 -g3 -DDEBUG -DUSE_HAL_DRIVER -DSTM32F103x6 -c -I../Core/Inc -I../Drivers/STM32F1xx_HAL_Driver/Inc -I../Drivers/STM32F1xx_HAL_Driver/Inc/Legacy -I../Drivers/CMSIS/Device/ST/STM32F1xx/Include -I../Drivers/CMSIS/Include -O0 -ffunction-sections -fdata-sections -Wall -fstack-usage -MMD -MP -MF"Drivers/STM32F1xx_HAL_Driver/Src/stm32f1xx_hal_tim.d" -MT"Drivers/STM32F1xx_HAL_Driver/Src/stm32f1xx_hal_tim.o" --specs=nano.specs -mfloat-abi=soft -mthumb -o "Drivers/STM32F1xx_HAL_Driver/Src/stm32f1xx_hal_tim.o"
arm-none-eabi-gcc "../Drivers/STM32F1xx_HAL_Driver/Src/stm32f1xx_hal_tim_ex.c" -mcpu=cortex-m3 -std=gnu11 -g3 -DDEBUG -DUSE_HAL_DRIVER -DSTM32F103x6 -c -I../Core/Inc -I../Drivers/STM32F1xx_HAL_Driver/Inc -I../Drivers/STM32F1xx_HAL_Driver/Inc/Legacy -I../Drivers/CMSIS/Device/ST/STM32F1xx/Include -I../Drivers/CMSIS/Include -O0 -ffunction-sections -fdata-sections -Wall -fstack-usage -MMD -MP -MF"Drivers/STM32F1xx_HAL_Driver/Src/stm32f1xx_hal_tim_ex.d" -MT"Drivers/STM32F1xx_HAL_Driver/Src/stm32f1xx_hal_tim_ex.o" --specs=nano.specs -mfloat-abi=soft -mthumb -o "Drivers/STM32F1xx_HAL_Driver/Src/stm32f1xx_hal_tim_ex.o"
arm-none-eabi-gcc "../Core/Src/main.c" -mcpu=cortex-m3 -std=gnu11 -g3 -DDEBUG -DUSE_HAL_DRIVER -DSTM32F103x6 -c -I../Core/Inc -I../Drivers/STM32F1xx_HAL_Driver/Inc -I../Drivers/STM32F1xx_HAL_Driver/Inc/Legacy -I../Drivers/CMSIS/Device/ST/STM32F1xx/Include -I../Drivers/CMSIS/Include -O0 -ffunction-sections -fdata-sections -Wall -fstack-usage -MMD -MP -MF"Core/Src/main.d" -MT"Core/Src/main.o" --specs=nano.specs -mfloat-abi=soft -mthumb -o "Core/Src/main.o"
arm-none-eabi-gcc "../Core/Src/software_timer.c" -mcpu=cortex-m3 -std=gnu11 -g3 -DDEBUG -DUSE_HAL_DRIVER -DSTM32F103x6 -c -I../Core/Inc -I../Drivers/STM32F1xx_HAL_Driver/Inc -I../Drivers/STM32F1xx_HAL_Driver/Inc/Legacy -I../Drivers/CMSIS/Device/ST/STM32F1xx/Include -I../Drivers/CMSIS/Include -O0 -ffunction-sections -fdata-sections -Wall -fstack-usage -MMD -MP -MF"Core/Src/software_timer.d" -MT"Core/Src/software_timer.o" --specs=nano.specs -mfloat-abi=soft -mthumb -o "Core/Src/software_timer.o"
arm-none-eabi-gcc "../Core/Src/stm32f1xx_hal_msp.c" -mcpu=cortex-m3 -std=gnu11 -g3 -DDEBUG -DUSE_HAL_DRIVER -DSTM32F103x6 -c -I../Core/Inc -I../Drivers/STM32F1xx_HAL_Driver/Inc -I../Drivers/STM32F1xx_HAL_Driver/Inc/Legacy -I../Drivers/CMSIS/Device/ST/STM32F1xx/Include -I../Drivers/CMSIS/Include -O0 -ffunction-sections -fdata-sections -Wall -fstack-usage -MMD -MP -MF"Core/Src/stm32f1xx_hal_msp.d" -MT"Core/Src/stm32f1xx_hal_msp.o" --specs=nano.specs -mfloat-abi=soft -mthumb -o "Core/Src/stm32f1xx_hal_msp.o"
arm-none-eabi-gcc "../Core/Src/stm32f1xx_it.c" -mcpu=cortex-m3 -std=gnu11 -g3 -DDEBUG -DUSE_HAL_DRIVER -DSTM32F103x6 -c -I../Core/Inc -I../Drivers/STM32F1xx_HAL_Driver/Inc -I../Drivers/STM32F1xx_HAL_Driver/Inc/Legacy -I../Drivers/CMSIS/Device/ST/STM32F1xx/Include -I../Drivers/CMSIS/Include -O0 -ffunction-sections -fdata-sections -Wall -fstack-usage -MMD -MP -MF"Core/Src/stm32f1xx_it.d" -MT"Core/Src/stm32f1xx_it.o" --specs=nano.specs -mfloat-abi=soft -mthumb -o "Core/Src/stm32f1xx_it.o"
arm-none-eabi-gcc "../Core/Src/system_stm32f1xx.c" -mcpu=cortex-m3 -std=gnu11 -g3 -DDEBUG -DUSE_HAL_DRIVER -DSTM32F103x6 -c -I../Core/Inc -I../Drivers/STM32F1xx_HAL_Driver/Inc -I../Drivers/STM32F1xx_HAL_Driver/Inc/Legacy -I../Drivers/CMSIS/Device/ST/STM32F1xx/Include -I../Drivers/CMSIS/Include -O0 -ffunction-sections -fdata-sections -Wall -fstack-usage -MMD -MP -MF"Core/Src/system_stm32f1xx.d" -MT"Core/Src/system_stm32f1xx.o" --specs=nano.specs -mfloat-abi=soft -mthumb -o "Core/Src/system_stm32f1xx.o"
arm-none-eabi-gcc -o "MCU_Lab2.elf" @"objects.list"   -mcpu=cortex-m3 -T"C:\Users\Hoai Thanh\Documents\VXK-VDK\MCU_Lab2\MCU_Lab2\STM32F103C6UX_FLASH.ld" --specs=nosys.specs -Wl,-Map="MCU_Lab2.map" -Wl,--gc-sections -static --specs=nano.specs -mfloat-abi=soft -mthumb -Wl,--start-group -lc -lm -Wl,--end-group
c:\st\stm32cubeide_1.7.0\stm32cubeide\plugins\com.st.stm32cube.ide.mcu.externaltools.gnu-tools-for-stm32.9-2020-q2-update.win32_2.0.0.202105311346\tools\arm-none-eabi\bin\ld.exe: ./Core/Src/main.o: in function `main':
C:/Users/Hoai Thanh/Documents/VXK-VDK/MCU_Lab2/MCU_Lab2/Debug/../Core/Src/main.c:256: undefined reference to `setTimer6'
c:\st\stm32cubeide_1.7.0\stm32cubeide\plugins\com.st.stm32cube.ide.mcu.externaltools.gnu-tools-for-stm32.9-2020-q2-update.win32_2.0.0.202105311346\tools\arm-none-eabi\bin\ld.exe: C:/Users/Hoai Thanh/Documents/VXK-VDK/MCU_Lab2/MCU_Lab2/Debug/../Core/Src/main.c:362: undefined reference to `setTimer6'
c:\st\stm32cubeide_1.7.0\stm32cubeide\plugins\com.st.stm32cube.ide.mcu.externaltools.gnu-tools-for-stm32.9-2020-q2-update.win32_2.0.0.202105311346\tools\arm-none-eabi\bin\ld.exe: C:/Users/Hoai Thanh/Documents/VXK-VDK/MCU_Lab2/MCU_Lab2/Debug/../Core/Src/main.c:264: undefined reference to `timer6_flag'
collect2.exe: error: ld returned 1 exit status
make: *** [makefile:68: MCU_Lab2.elf] Error 1
"make -j8 all" terminated with exit code 2. Build might be incomplete.
22:18:55 **** Incremental Build of configuration Debug for project MCU_Lab2 ****
make -j8 all 
arm-none-eabi-gcc "../Core/Src/software_timer.c" -mcpu=cortex-m3 -std=gnu11 -g3 -DDEBUG -DUSE_HAL_DRIVER -DSTM32F103x6 -c -I../Core/Inc -I../Drivers/STM32F1xx_HAL_Driver/Inc -I../Drivers/STM32F1xx_HAL_Driver/Inc/Legacy -I../Drivers/CMSIS/Device/ST/STM32F1xx/Include -I../Drivers/CMSIS/Include -O0 -ffunction-sections -fdata-sections -Wall -fstack-usage -MMD -MP -MF"Core/Src/software_timer.d" -MT"Core/Src/software_timer.o" --specs=nano.specs -mfloat-abi=soft -mthumb -o "Core/Src/software_timer.o"
../Core/Src/software_timer.c: In function 'timerRun':
../Core/Src/software_timer.c:86:5: error: 'timer6_counter' undeclared (first use in this function); did you mean 'timer5_counter'?
   86 |  if(timer6_counter > 0){
      |     ^~~~~~~~~~~~~~
      |     timer5_counter
../Core/Src/software_timer.c:86:5: note: each undeclared identifier is reported only once for each function it appears in
make: *** [Core/Src/subdir.mk:37: Core/Src/software_timer.o] Error 1
"make -j8 all" terminated with exit code 2. Build might be incomplete.
22:19:27 **** Incremental Build of configuration Debug for project MCU_Lab2 ****
make -j8 all 
arm-none-eabi-gcc "../Core/Src/software_timer.c" -mcpu=cortex-m3 -std=gnu11 -g3 -DDEBUG -DUSE_HAL_DRIVER -DSTM32F103x6 -c -I../Core/Inc -I../Drivers/STM32F1xx_HAL_Driver/Inc -I../Drivers/STM32F1xx_HAL_Driver/Inc/Legacy -I../Drivers/CMSIS/Device/ST/STM32F1xx/Include -I../Drivers/CMSIS/Include -O0 -ffunction-sections -fdata-sections -Wall -fstack-usage -MMD -MP -MF"Core/Src/software_timer.d" -MT"Core/Src/software_timer.o" --specs=nano.specs -mfloat-abi=soft -mthumb -o "Core/Src/software_timer.o"
../Core/Src/software_timer.c: In function 'timerRun':
../Core/Src/software_timer.c:86:5: error: 'timer6_counter' undeclared (first use in this function); did you mean 'timer5_counter'?
   86 |  if(timer6_counter > 0){
      |     ^~~~~~~~~~~~~~
      |     timer5_counter
../Core/Src/software_timer.c:86:5: note: each undeclared identifier is reported only once for each function it appears in
make: *** [Core/Src/subdir.mk:37: Core/Src/software_timer.o] Error 1
"make -j8 all" terminated with exit code 2. Build might be incomplete.
22:19:56 **** Incremental Build of configuration Debug for project MCU_Lab2 ****
make -j8 all 
arm-none-eabi-gcc "../Core/Src/software_timer.c" -mcpu=cortex-m3 -std=gnu11 -g3 -DDEBUG -DUSE_HAL_DRIVER -DSTM32F103x6 -c -I../Core/Inc -I../Drivers/STM32F1xx_HAL_Driver/Inc -I../Drivers/STM32F1xx_HAL_Driver/Inc/Legacy -I../Drivers/CMSIS/Device/ST/STM32F1xx/Include -I../Drivers/CMSIS/Include -O0 -ffunction-sections -fdata-sections -Wall -fstack-usage -MMD -MP -MF"Core/Src/software_timer.d" -MT"Core/Src/software_timer.o" --specs=nano.specs -mfloat-abi=soft -mthumb -o "Core/Src/software_timer.o"
arm-none-eabi-gcc -o "MCU_Lab2.elf" @"objects.list"   -mcpu=cortex-m3 -T"C:\Users\Hoai Thanh\Documents\VXK-VDK\MCU_Lab2\MCU_Lab2\STM32F103C6UX_FLASH.ld" --specs=nosys.specs -Wl,-Map="MCU_Lab2.map" -Wl,--gc-sections -static --specs=nano.specs -mfloat-abi=soft -mthumb -Wl,--start-group -lc -lm -Wl,--end-group
c:\st\stm32cubeide_1.7.0\stm32cubeide\plugins\com.st.stm32cube.ide.mcu.externaltools.gnu-tools-for-stm32.9-2020-q2-update.win32_2.0.0.202105311346\tools\arm-none-eabi\bin\ld.exe: ./Core/Src/main.o: in function `main':
C:/Users/Hoai Thanh/Documents/VXK-VDK/MCU_Lab2/MCU_Lab2/Debug/../Core/Src/main.c:256: undefined reference to `setTimer6'
c:\st\stm32cubeide_1.7.0\stm32cubeide\plugins\com.st.stm32cube.ide.mcu.externaltools.gnu-tools-for-stm32.9-2020-q2-update.win32_2.0.0.202105311346\tools\arm-none-eabi\bin\ld.exe: C:/Users/Hoai Thanh/Documents/VXK-VDK/MCU_Lab2/MCU_Lab2/Debug/../Core/Src/main.c:362: undefined reference to `setTimer6'
collect2.exe: error: ld returned 1 exit status
make: *** [makefile:68: MCU_Lab2.elf] Error 1
"make -j8 all" terminated with exit code 2. Build might be incomplete.
22:20:03 **** Incremental Build of configuration Debug for project MCU_Lab2 ****
make -j8 all 
arm-none-eabi-gcc -o "MCU_Lab2.elf" @"objects.list"   -mcpu=cortex-m3 -T"C:\Users\Hoai Thanh\Documents\VXK-VDK\MCU_Lab2\MCU_Lab2\STM32F103C6UX_FLASH.ld" --specs=nosys.specs -Wl,-Map="MCU_Lab2.map" -Wl,--gc-sections -static --specs=nano.specs -mfloat-abi=soft -mthumb -Wl,--start-group -lc -lm -Wl,--end-group
c:\st\stm32cubeide_1.7.0\stm32cubeide\plugins\com.st.stm32cube.ide.mcu.externaltools.gnu-tools-for-stm32.9-2020-q2-update.win32_2.0.0.202105311346\tools\arm-none-eabi\bin\ld.exe: ./Core/Src/main.o: in function `main':
C:/Users/Hoai Thanh/Documents/VXK-VDK/MCU_Lab2/MCU_Lab2/Debug/../Core/Src/main.c:256: undefined reference to `setTimer6'
c:\st\stm32cubeide_1.7.0\stm32cubeide\plugins\com.st.stm32cube.ide.mcu.externaltools.gnu-tools-for-stm32.9-2020-q2-update.win32_2.0.0.202105311346\tools\arm-none-eabi\bin\ld.exe: C:/Users/Hoai Thanh/Documents/VXK-VDK/MCU_Lab2/MCU_Lab2/Debug/../Core/Src/main.c:362: undefined reference to `setTimer6'
collect2.exe: error: ld returned 1 exit status
make: *** [makefile:68: MCU_Lab2.elf] Error 1
"make -j8 all" terminated with exit code 2. Build might be incomplete.
22:20:48 **** Incremental Build of configuration Debug for project MCU_Lab2 ****
make -j8 all 
arm-none-eabi-gcc "../Core/Src/software_timer.c" -mcpu=cortex-m3 -std=gnu11 -g3 -DDEBUG -DUSE_HAL_DRIVER -DSTM32F103x6 -c -I../Core/Inc -I../Drivers/STM32F1xx_HAL_Driver/Inc -I../Drivers/STM32F1xx_HAL_Driver/Inc/Legacy -I../Drivers/CMSIS/Device/ST/STM32F1xx/Include -I../Drivers/CMSIS/Include -O0 -ffunction-sections -fdata-sections -Wall -fstack-usage -MMD -MP -MF"Core/Src/software_timer.d" -MT"Core/Src/software_timer.o" --specs=nano.specs -mfloat-abi=soft -mthumb -o "Core/Src/software_timer.o"
arm-none-eabi-gcc -o "MCU_Lab2.elf" @"objects.list"   -mcpu=cortex-m3 -T"C:\Users\Hoai Thanh\Documents\VXK-VDK\MCU_Lab2\MCU_Lab2\STM32F103C6UX_FLASH.ld" --specs=nosys.specs -Wl,-Map="MCU_Lab2.map" -Wl,--gc-sections -static --specs=nano.specs -mfloat-abi=soft -mthumb -Wl,--start-group -lc -lm -Wl,--end-group
Finished building target: MCU_Lab2.elf
 
arm-none-eabi-size   MCU_Lab2.elf 
arm-none-eabi-objdump -h -S  MCU_Lab2.elf  > "MCU_Lab2.list"
   text	   data	    bss	    dec	    hex	filename
   9456	    272	   1704	  11432	   2ca8	MCU_Lab2.elf
arm-none-eabi-objcopy  -O ihex  MCU_Lab2.elf  "MCU_Lab2.hex"
Finished building: default.size.stdout
arm-none-eabi-objcopy  -O binary  MCU_Lab2.elf  "MCU_Lab2.bin"
 
Finished building: MCU_Lab2.list
Finished building: MCU_Lab2.hex
 
Finished building: MCU_Lab2.bin
 
 
22:22:57 **** Incremental Build of configuration Debug for project MCU_Lab2 ****
make -j8 all 
arm-none-eabi-gcc "../Core/Src/main.c" -mcpu=cortex-m3 -std=gnu11 -g3 -DDEBUG -DUSE_HAL_DRIVER -DSTM32F103x6 -c -I../Core/Inc -I../Drivers/STM32F1xx_HAL_Driver/Inc -I../Drivers/STM32F1xx_HAL_Driver/Inc/Legacy -I../Drivers/CMSIS/Device/ST/STM32F1xx/Include -I../Drivers/CMSIS/Include -O0 -ffunction-sections -fdata-sections -Wall -fstack-usage -MMD -MP -MF"Core/Src/main.d" -MT"Core/Src/main.o" --specs=nano.specs -mfloat-abi=soft -mthumb -o "Core/Src/main.o"
arm-none-eabi-gcc -o "MCU_Lab2.elf" @"objects.list"   -mcpu=cortex-m3 -T"C:\Users\Hoai Thanh\Documents\VXK-VDK\MCU_Lab2\MCU_Lab2\STM32F103C6UX_FLASH.ld" --specs=nosys.specs -Wl,-Map="MCU_Lab2.map" -Wl,--gc-sections -static --specs=nano.specs -mfloat-abi=soft -mthumb -Wl,--start-group -lc -lm -Wl,--end-group
Finished building target: MCU_Lab2.elf
 
arm-none-eabi-size   MCU_Lab2.elf 
arm-none-eabi-objdump -h -S  MCU_Lab2.elf  > "MCU_Lab2.list"
   text	   data	    bss	    dec	    hex	filename
   9600	    272	   1704	  11576	   2d38	MCU_Lab2.elf
arm-none-eabi-objcopy  -O ihex  MCU_Lab2.elf  "MCU_Lab2.hex"
Finished building: default.size.stdout
arm-none-eabi-objcopy  -O binary  MCU_Lab2.elf  "MCU_Lab2.bin"
 
Finished building: MCU_Lab2.list
Finished building: MCU_Lab2.hex
 
Finished building: MCU_Lab2.bin
 
 
22:36:12 **** Incremental Build of configuration Debug for project MCU_Lab2 ****
make -j8 all 
arm-none-eabi-size   MCU_Lab2.elf 
   text	   data	    bss	    dec	    hex	filename
   9600	    272	   1704	  11576	   2d38	MCU_Lab2.elf
Finished building: default.size.stdout
 
22:36:41 **** Incremental Build of configuration Debug for project MCU_Lab2 ****
make -j8 all 
arm-none-eabi-gcc "../Core/Src/main.c" -mcpu=cortex-m3 -std=gnu11 -g3 -DDEBUG -DUSE_HAL_DRIVER -DSTM32F103x6 -c -I../Core/Inc -I../Drivers/STM32F1xx_HAL_Driver/Inc -I../Drivers/STM32F1xx_HAL_Driver/Inc/Legacy -I../Drivers/CMSIS/Device/ST/STM32F1xx/Include -I../Drivers/CMSIS/Include -O0 -ffunction-sections -fdata-sections -Wall -fstack-usage -MMD -MP -MF"Core/Src/main.d" -MT"Core/Src/main.o" --specs=nano.specs -mfloat-abi=soft -mthumb -o "Core/Src/main.o"
arm-none-eabi-gcc -o "MCU_Lab2.elf" @"objects.list"   -mcpu=cortex-m3 -T"C:\Users\Hoai Thanh\Documents\VXK-VDK\MCU_Lab2\MCU_Lab2\STM32F103C6UX_FLASH.ld" --specs=nosys.specs -Wl,-Map="MCU_Lab2.map" -Wl,--gc-sections -static --specs=nano.specs -mfloat-abi=soft -mthumb -Wl,--start-group -lc -lm -Wl,--end-group
Finished building target: MCU_Lab2.elf
 
arm-none-eabi-size   MCU_Lab2.elf 
arm-none-eabi-objdump -h -S  MCU_Lab2.elf  > "MCU_Lab2.list"
   text	   data	    bss	    dec	    hex	filename
   9456	    272	   1704	  11432	   2ca8	MCU_Lab2.elf
arm-none-eabi-objcopy  -O ihex  MCU_Lab2.elf  "MCU_Lab2.hex"
Finished building: default.size.stdout
arm-none-eabi-objcopy  -O binary  MCU_Lab2.elf  "MCU_Lab2.bin"
 
Finished building: MCU_Lab2.list
Finished building: MCU_Lab2.hex
 
Finished building: MCU_Lab2.bin
 
 
22:48:28 **** Incremental Build of configuration Debug for project MCU_Lab2 ****
make -j8 all 
arm-none-eabi-gcc "../Core/Src/main.c" -mcpu=cortex-m3 -std=gnu11 -g3 -DDEBUG -DUSE_HAL_DRIVER -DSTM32F103x6 -c -I../Core/Inc -I../Drivers/STM32F1xx_HAL_Driver/Inc -I../Drivers/STM32F1xx_HAL_Driver/Inc/Legacy -I../Drivers/CMSIS/Device/ST/STM32F1xx/Include -I../Drivers/CMSIS/Include -O0 -ffunction-sections -fdata-sections -Wall -fstack-usage -MMD -MP -MF"Core/Src/main.d" -MT"Core/Src/main.o" --specs=nano.specs -mfloat-abi=soft -mthumb -o "Core/Src/main.o"
arm-none-eabi-gcc -o "MCU_Lab2.elf" @"objects.list"   -mcpu=cortex-m3 -T"C:\Users\Hoai Thanh\Documents\VXK-VDK\MCU_Lab2\MCU_Lab2\STM32F103C6UX_FLASH.ld" --specs=nosys.specs -Wl,-Map="MCU_Lab2.map" -Wl,--gc-sections -static --specs=nano.specs -mfloat-abi=soft -mthumb -Wl,--start-group -lc -lm -Wl,--end-group
Finished building target: MCU_Lab2.elf
 
arm-none-eabi-size   MCU_Lab2.elf 
arm-none-eabi-objdump -h -S  MCU_Lab2.elf  > "MCU_Lab2.list"
   text	   data	    bss	    dec	    hex	filename
   9404	    272	   1704	  11380	   2c74	MCU_Lab2.elf
arm-none-eabi-objcopy  -O ihex  MCU_Lab2.elf  "MCU_Lab2.hex"
Finished building: default.size.stdout
arm-none-eabi-objcopy  -O binary  MCU_Lab2.elf  "MCU_Lab2.bin"
 
Finished building: MCU_Lab2.list
Finished building: MCU_Lab2.hex
 
Finished building: MCU_Lab2.bin
 
 
23:01:04 **** Incremental Build of configuration Debug for project MCU_Lab2 ****
make -j8 all 
arm-none-eabi-gcc "../Core/Src/main.c" -mcpu=cortex-m3 -std=gnu11 -g3 -DDEBUG -DUSE_HAL_DRIVER -DSTM32F103x6 -c -I../Core/Inc -I../Drivers/STM32F1xx_HAL_Driver/Inc -I../Drivers/STM32F1xx_HAL_Driver/Inc/Legacy -I../Drivers/CMSIS/Device/ST/STM32F1xx/Include -I../Drivers/CMSIS/Include -O0 -ffunction-sections -fdata-sections -Wall -fstack-usage -MMD -MP -MF"Core/Src/main.d" -MT"Core/Src/main.o" --specs=nano.specs -mfloat-abi=soft -mthumb -o "Core/Src/main.o"
arm-none-eabi-gcc -o "MCU_Lab2.elf" @"objects.list"   -mcpu=cortex-m3 -T"C:\Users\Hoai Thanh\Documents\VXK-VDK\MCU_Lab2\MCU_Lab2\STM32F103C6UX_FLASH.ld" --specs=nosys.specs -Wl,-Map="MCU_Lab2.map" -Wl,--gc-sections -static --specs=nano.specs -mfloat-abi=soft -mthumb -Wl,--start-group -lc -lm -Wl,--end-group
Finished building target: MCU_Lab2.elf
 
arm-none-eabi-size   MCU_Lab2.elf 
arm-none-eabi-objdump -h -S  MCU_Lab2.elf  > "MCU_Lab2.list"
   text	   data	    bss	    dec	    hex	filename
   9404	    272	   1704	  11380	   2c74	MCU_Lab2.elf
arm-none-eabi-objcopy  -O ihex  MCU_Lab2.elf  "MCU_Lab2.hex"
Finished building: default.size.stdout
arm-none-eabi-objcopy  -O binary  MCU_Lab2.elf  "MCU_Lab2.bin"
 
Finished building: MCU_Lab2.list
Finished building: MCU_Lab2.hex
 
Finished building: MCU_Lab2.bin
 
 
23:01:44 **** Incremental Build of configuration Debug for project MCU_Lab2 ****
make -j8 all 
arm-none-eabi-gcc "../Core/Src/main.c" -mcpu=cortex-m3 -std=gnu11 -g3 -DDEBUG -DUSE_HAL_DRIVER -DSTM32F103x6 -c -I../Core/Inc -I../Drivers/STM32F1xx_HAL_Driver/Inc -I../Drivers/STM32F1xx_HAL_Driver/Inc/Legacy -I../Drivers/CMSIS/Device/ST/STM32F1xx/Include -I../Drivers/CMSIS/Include -O0 -ffunction-sections -fdata-sections -Wall -fstack-usage -MMD -MP -MF"Core/Src/main.d" -MT"Core/Src/main.o" --specs=nano.specs -mfloat-abi=soft -mthumb -o "Core/Src/main.o"
arm-none-eabi-gcc -o "MCU_Lab2.elf" @"objects.list"   -mcpu=cortex-m3 -T"C:\Users\Hoai Thanh\Documents\VXK-VDK\MCU_Lab2\MCU_Lab2\STM32F103C6UX_FLASH.ld" --specs=nosys.specs -Wl,-Map="MCU_Lab2.map" -Wl,--gc-sections -static --specs=nano.specs -mfloat-abi=soft -mthumb -Wl,--start-group -lc -lm -Wl,--end-group
Finished building target: MCU_Lab2.elf
 
arm-none-eabi-size   MCU_Lab2.elf 
arm-none-eabi-objdump -h -S  MCU_Lab2.elf  > "MCU_Lab2.list"
   text	   data	    bss	    dec	    hex	filename
   9404	    272	   1704	  11380	   2c74	MCU_Lab2.elf
arm-none-eabi-objcopy  -O ihex  MCU_Lab2.elf  "MCU_Lab2.hex"
Finished building: default.size.stdout
arm-none-eabi-objcopy  -O binary  MCU_Lab2.elf  "MCU_Lab2.bin"
 
Finished building: MCU_Lab2.list
Finished building: MCU_Lab2.hex
 
Finished building: MCU_Lab2.bin
 
 
23:02:42 **** Incremental Build of configuration Debug for project MCU_Lab2 ****
make -j8 all 
arm-none-eabi-gcc "../Core/Src/main.c" -mcpu=cortex-m3 -std=gnu11 -g3 -DDEBUG -DUSE_HAL_DRIVER -DSTM32F103x6 -c -I../Core/Inc -I../Drivers/STM32F1xx_HAL_Driver/Inc -I../Drivers/STM32F1xx_HAL_Driver/Inc/Legacy -I../Drivers/CMSIS/Device/ST/STM32F1xx/Include -I../Drivers/CMSIS/Include -O0 -ffunction-sections -fdata-sections -Wall -fstack-usage -MMD -MP -MF"Core/Src/main.d" -MT"Core/Src/main.o" --specs=nano.specs -mfloat-abi=soft -mthumb -o "Core/Src/main.o"
arm-none-eabi-gcc -o "MCU_Lab2.elf" @"objects.list"   -mcpu=cortex-m3 -T"C:\Users\Hoai Thanh\Documents\VXK-VDK\MCU_Lab2\MCU_Lab2\STM32F103C6UX_FLASH.ld" --specs=nosys.specs -Wl,-Map="MCU_Lab2.map" -Wl,--gc-sections -static --specs=nano.specs -mfloat-abi=soft -mthumb -Wl,--start-group -lc -lm -Wl,--end-group
Finished building target: MCU_Lab2.elf
 
arm-none-eabi-size   MCU_Lab2.elf 
arm-none-eabi-objdump -h -S  MCU_Lab2.elf  > "MCU_Lab2.list"
   text	   data	    bss	    dec	    hex	filename
   9404	    272	   1704	  11380	   2c74	MCU_Lab2.elf
arm-none-eabi-objcopy  -O ihex  MCU_Lab2.elf  "MCU_Lab2.hex"
Finished building: default.size.stdout
arm-none-eabi-objcopy  -O binary  MCU_Lab2.elf  "MCU_Lab2.bin"
 
Finished building: MCU_Lab2.list
Finished building: MCU_Lab2.hex
 
Finished building: MCU_Lab2.bin
 
 
23:02:57 **** Incremental Build of configuration Debug for project MCU_Lab2 ****
make -j8 all 
arm-none-eabi-gcc "../Core/Src/main.c" -mcpu=cortex-m3 -std=gnu11 -g3 -DDEBUG -DUSE_HAL_DRIVER -DSTM32F103x6 -c -I../Core/Inc -I../Drivers/STM32F1xx_HAL_Driver/Inc -I../Drivers/STM32F1xx_HAL_Driver/Inc/Legacy -I../Drivers/CMSIS/Device/ST/STM32F1xx/Include -I../Drivers/CMSIS/Include -O0 -ffunction-sections -fdata-sections -Wall -fstack-usage -MMD -MP -MF"Core/Src/main.d" -MT"Core/Src/main.o" --specs=nano.specs -mfloat-abi=soft -mthumb -o "Core/Src/main.o"
arm-none-eabi-gcc -o "MCU_Lab2.elf" @"objects.list"   -mcpu=cortex-m3 -T"C:\Users\Hoai Thanh\Documents\VXK-VDK\MCU_Lab2\MCU_Lab2\STM32F103C6UX_FLASH.ld" --specs=nosys.specs -Wl,-Map="MCU_Lab2.map" -Wl,--gc-sections -static --specs=nano.specs -mfloat-abi=soft -mthumb -Wl,--start-group -lc -lm -Wl,--end-group
Finished building target: MCU_Lab2.elf
 
arm-none-eabi-size   MCU_Lab2.elf 
arm-none-eabi-objdump -h -S  MCU_Lab2.elf  > "MCU_Lab2.list"
   text	   data	    bss	    dec	    hex	filename
   9404	    272	   1704	  11380	   2c74	MCU_Lab2.elf
arm-none-eabi-objcopy  -O ihex  MCU_Lab2.elf  "MCU_Lab2.hex"
Finished building: default.size.stdout
arm-none-eabi-objcopy  -O binary  MCU_Lab2.elf  "MCU_Lab2.bin"
 
Finished building: MCU_Lab2.list
Finished building: MCU_Lab2.hex
 
Finished building: MCU_Lab2.bin
 
 
